ASxxxx Linker V03.00/V05.40 + sdld,  page 1.
Hexadecimal  [32-Bits]

Area                                    Addr        Size        Decimal Bytes (Attributes)
--------------------------------        ----        ----        ------- ----- ------------
.  .ABS.                            00000000    00000000 =           0. bytes (ABS,CON)

      Value  Global                              Global Defined In Module
      -----  --------------------------------   ------------------------
     00000000  .__.ABS.                           _startup
     00000000  _display_buffer_fill_entire     
     00000000  _display_clean                  
     00000000  _display_init                   
     00000000  _i2c_init                       
     00000000  _uart_reciever_irq              
     00000000  _uart_transmission_irq          
     00000000  l_CABS                          
     00000000  l_CONST                         
     00000000  l_DABS                          
     00000000  l__CODE                         
     00000000  s_CABS                          
     00000000  s_DABS                          
     00000000  s__CODE                         
     00000001  s_DATA                          
     00000002  l_SSEG                          
     00000006  l_GSFINAL                       
     0000000C  l_DATA                          
     0000000D  s_INITIALIZED                   
     0000003E  l_CODE                          
     00000046  l_GSINIT                        
     000000AE  l_HOME                          
     00000402  l_INITIALIZED                   
     00000402  l_INITIALIZER                   
     0000040F  s_SSEG                          
     00008000  s_HOME                          
     000080AE  s_GSINIT                        
     000080F4  s_GSFINAL                       
     000080FA  s_CONST                         
     000080FA  s_INITIALIZER                   
     000084FC  s_CODE                          

ASxxxx Linker V03.00/V05.40 + sdld,  page 2.
Hexadecimal  [32-Bits]

Area                                    Addr        Size        Decimal Bytes (Attributes)
--------------------------------        ----        ----        ------- ----- ------------
DATA                                00000001    0000000C =          12. bytes (REL,CON)

      Value  Global                              Global Defined In Module
      -----  --------------------------------   ------------------------
     00000007  _tx_buf_pointer                    main
     00000009  _rx_buf_pointer                    main
     0000000B  _buf_pos                           main
     0000000C  _buf_size                          main

ASxxxx Linker V03.00/V05.40 + sdld,  page 3.
Hexadecimal  [32-Bits]

Area                                    Addr        Size        Decimal Bytes (Attributes)
--------------------------------        ----        ----        ------- ----- ------------
INITIALIZED                         0000000D    00000402 =        1026. bytes (REL,CON)

      Value  Global                              Global Defined In Module
      -----  --------------------------------   ------------------------
     0000020E  _splash                            main
     0000040E  _I2C_IRQ                           main

ASxxxx Linker V03.00/V05.40 + sdld,  page 4.
Hexadecimal  [32-Bits]

Area                                    Addr        Size        Decimal Bytes (Attributes)
--------------------------------        ----        ----        ------- ----- ------------
SSEG                                0000040F    00000002 =           2. bytes (REL,CON)

      Value  Global                              Global Defined In Module
      -----  --------------------------------   ------------------------
ASxxxx Linker V03.00/V05.40 + sdld,  page 5.
Hexadecimal  [32-Bits]

Area                                    Addr        Size        Decimal Bytes (Attributes)
--------------------------------        ----        ----        ------- ----- ------------
HOME                                00008000    000000AE =         174. bytes (REL,CON)

      Value  Global                              Global Defined In Module
      -----  --------------------------------   ------------------------
ASxxxx Linker V03.00/V05.40 + sdld,  page 6.
Hexadecimal  [32-Bits]

Area                                    Addr        Size        Decimal Bytes (Attributes)
--------------------------------        ----        ----        ------- ----- ------------
GSINIT                              000080AE    00000046 =          70. bytes (REL,CON)

      Value  Global                              Global Defined In Module
      -----  --------------------------------   ------------------------
ASxxxx Linker V03.00/V05.40 + sdld,  page 7.
Hexadecimal  [32-Bits]

Area                                    Addr        Size        Decimal Bytes (Attributes)
--------------------------------        ----        ----        ------- ----- ------------
GSFINAL                             000080F4    00000006 =           6. bytes (REL,CON)

      Value  Global                              Global Defined In Module
      -----  --------------------------------   ------------------------
ASxxxx Linker V03.00/V05.40 + sdld,  page 8.
Hexadecimal  [32-Bits]

Area                                    Addr        Size        Decimal Bytes (Attributes)
--------------------------------        ----        ----        ------- ----- ------------
INITIALIZER                         000080FA    00000402 =        1026. bytes (REL,CON)

      Value  Global                              Global Defined In Module
      -----  --------------------------------   ------------------------
ASxxxx Linker V03.00/V05.40 + sdld,  page 9.
Hexadecimal  [32-Bits]

Area                                    Addr        Size        Decimal Bytes (Attributes)
--------------------------------        ----        ----        ------- ----- ------------
CODE                                000084FC    0000003E =          62. bytes (REL,CON)

      Value  Global                              Global Defined In Module
      -----  --------------------------------   ------------------------
     0000851A  _setup                             main
     00008523  _gg                                main
     0000852F  _main                              main
     00008538  ___sdcc_external_startup           _startup

ASxxxx Linker V03.00/V05.40 + sdld,  page 10.

Files Linked                              [ module(s) ]

main.rel                                  [ main ]
main.rel                                  [ main ]


Libraries Linked                          [ object file ]

/usr/bin/../share/sdcc/lib/stm8/stm8.lib  [ _startup.rel ]

ASxxxx Linker V03.00/V05.40 + sdld,  page 11.

User Base Address Definitions

HOME = 0x8000
DATA = 0x0001


?ASlink-Warning-Undefined Global '_uart_transmission_irq' referenced by module 'main'

?ASlink-Warning-Undefined Global '_uart_transmission_irq' referenced by module 'main'

?ASlink-Warning-Undefined Global '_display_buffer_fill_entire' referenced by module 'main'

?ASlink-Warning-Undefined Global '_display_buffer_fill_entire' referenced by module 'main'

?ASlink-Warning-Undefined Global '_display_init' referenced by module 'main'

?ASlink-Warning-Undefined Global '_display_init' referenced by module 'main'

?ASlink-Warning-Undefined Global '_i2c_init' referenced by module 'main'

?ASlink-Warning-Undefined Global '_i2c_init' referenced by module 'main'

?ASlink-Warning-Undefined Global '_display_clean' referenced by module 'main'

?ASlink-Warning-Undefined Global '_display_clean' referenced by module 'main'

?ASlink-Warning-Undefined Global '_uart_reciever_irq' referenced by module 'main'

?ASlink-Warning-Undefined Global '_uart_reciever_irq' referenced by module 'main'
