                                      1 ;--------------------------------------------------------
                                      2 ; File Created by SDCC : free open source ISO C Compiler 
                                      3 ; Version 4.4.0 #14620 (Linux)
                                      4 ;--------------------------------------------------------
                                      5 	.module main
                                      6 	.optsdcc -mstm8
                                      7 	
                                      8 ;--------------------------------------------------------
                                      9 ; Public variables in this module
                                     10 ;--------------------------------------------------------
                                     11 	.globl _main
                                     12 	.globl _gg
                                     13 	.globl _setup
                                     14 	.globl _display_clean
                                     15 	.globl _display_buffer_fill_entire
                                     16 	.globl _display_init
                                     17 	.globl _i2c_init
                                     18 	.globl _I2C_IRQ
                                     19 	.globl _splash
                                     20 	.globl _buf_size
                                     21 	.globl _buf_pos
                                     22 	.globl _rx_buf_pointer
                                     23 	.globl _tx_buf_pointer
                                     24 ;--------------------------------------------------------
                                     25 ; ram data
                                     26 ;--------------------------------------------------------
                                     27 	.area DATA
      000000                         28 _tx_buf_pointer::
      000000                         29 	.ds 2
      000002                         30 _rx_buf_pointer::
      000002                         31 	.ds 2
      000004                         32 _buf_pos::
      000004                         33 	.ds 1
      000005                         34 _buf_size::
      000005                         35 	.ds 1
                                     36 ;--------------------------------------------------------
                                     37 ; ram data
                                     38 ;--------------------------------------------------------
                                     39 	.area INITIALIZED
      000000                         40 _splash::
      000000                         41 	.ds 512
      000200                         42 _I2C_IRQ::
      000200                         43 	.ds 1
                                     44 ;--------------------------------------------------------
                                     45 ; Stack segment in internal ram
                                     46 ;--------------------------------------------------------
                                     47 	.area SSEG
      000000                         48 __start__stack:
      000000                         49 	.ds	1
                                     50 
                                     51 ;--------------------------------------------------------
                                     52 ; absolute external ram data
                                     53 ;--------------------------------------------------------
                                     54 	.area DABS (ABS)
                                     55 
                                     56 ; default segment ordering for linker
                                     57 	.area HOME
                                     58 	.area GSINIT
                                     59 	.area GSFINAL
                                     60 	.area CONST
                                     61 	.area INITIALIZER
                                     62 	.area CODE
                                     63 
                                     64 ;--------------------------------------------------------
                                     65 ; interrupt vector
                                     66 ;--------------------------------------------------------
                                     67 	.area HOME
      000000                         68 __interrupt_vect:
      000000 82v00u00u00             69 	int s_GSINIT ; reset
      000004 82 00 00 00             70 	int 0x000000 ; trap
      000008 82 00 00 00             71 	int 0x000000 ; int0
      00000C 82 00 00 00             72 	int 0x000000 ; int1
      000010 82 00 00 00             73 	int 0x000000 ; int2
      000014 82 00 00 00             74 	int 0x000000 ; int3
      000018 82 00 00 00             75 	int 0x000000 ; int4
      00001C 82 00 00 00             76 	int 0x000000 ; int5
      000020 82 00 00 00             77 	int 0x000000 ; int6
      000024 82 00 00 00             78 	int 0x000000 ; int7
      000028 82 00 00 00             79 	int 0x000000 ; int8
      00002C 82 00 00 00             80 	int 0x000000 ; int9
      000030 82 00 00 00             81 	int 0x000000 ; int10
      000034 82 00 00 00             82 	int 0x000000 ; int11
      000038 82 00 00 00             83 	int 0x000000 ; int12
      00003C 82 00 00 00             84 	int 0x000000 ; int13
      000040 82 00 00 00             85 	int 0x000000 ; int14
      000044 82 00 00 00             86 	int 0x000000 ; int15
      000048 82 00 00 00             87 	int 0x000000 ; int16
      00004C 82v00u00u00             88 	int _uart_transmission_irq ; int17
      000050 82v00u00u00             89 	int _uart_reciever_irq ; int18
                                     90 ;--------------------------------------------------------
                                     91 ; global & static initialisations
                                     92 ;--------------------------------------------------------
                                     93 	.area HOME
                                     94 	.area GSINIT
                                     95 	.area GSFINAL
                                     96 	.area GSINIT
      000000 CDr00r00         [ 4]   97 	call	___sdcc_external_startup
      000003 4D               [ 1]   98 	tnz	a
      000004 27 03            [ 1]   99 	jreq	__sdcc_init_data
      000006 CCr00r54         [ 2]  100 	jp	__sdcc_program_startup
      000009                        101 __sdcc_init_data:
                                    102 ; stm8_genXINIT() start
      000009 AEr00r00         [ 2]  103 	ldw x, #l_DATA
      00000C 27 07            [ 1]  104 	jreq	00002$
      00000E                        105 00001$:
      00000E 72 4FuFFuFF      [ 1]  106 	clr (s_DATA - 1, x)
      000012 5A               [ 2]  107 	decw x
      000013 26 F9            [ 1]  108 	jrne	00001$
      000015                        109 00002$:
      000015 AEr00r00         [ 2]  110 	ldw	x, #l_INITIALIZER
      000018 27 09            [ 1]  111 	jreq	00004$
      00001A                        112 00003$:
      00001A D6uFFuFF         [ 1]  113 	ld	a, (s_INITIALIZER - 1, x)
      00001D D7uFFuFF         [ 1]  114 	ld	(s_INITIALIZED - 1, x), a
      000020 5A               [ 2]  115 	decw	x
      000021 26 F7            [ 1]  116 	jrne	00003$
      000023                        117 00004$:
                                    118 ; stm8_genXINIT() end
                                    119 	.area GSFINAL
      000000 CCr00r54         [ 2]  120 	jp	__sdcc_program_startup
                                    121 ;--------------------------------------------------------
                                    122 ; Home
                                    123 ;--------------------------------------------------------
                                    124 	.area HOME
                                    125 	.area HOME
      000054                        126 __sdcc_program_startup:
      000054 CCr00r15         [ 2]  127 	jp	_main
                                    128 ;	return from main will return to caller
                                    129 ;--------------------------------------------------------
                                    130 ; code
                                    131 ;--------------------------------------------------------
                                    132 	.area CODE
                                    133 ;	main.c: 3: void setup(void)
                                    134 ;	-----------------------------------------
                                    135 ;	 function setup
                                    136 ;	-----------------------------------------
      000000                        137 _setup:
                                    138 ;	main.c: 6: CLK_CKDIVR = 0;
      000000 35 00 50 C6      [ 1]  139 	mov	0x50c6+0, #0x00
                                    140 ;	main.c: 9: i2c_init();
      000004 CDr00r00         [ 4]  141 	call	_i2c_init
                                    142 ;	main.c: 11: enableInterrupts();
      000007 9A               [ 1]  143 	rim
                                    144 ;	main.c: 12: }
      000008 81               [ 4]  145 	ret
                                    146 ;	main.c: 14: void gg(void)
                                    147 ;	-----------------------------------------
                                    148 ;	 function gg
                                    149 ;	-----------------------------------------
      000009                        150 _gg:
                                    151 ;	main.c: 16: display_init();
      000009 CDr00r00         [ 4]  152 	call	_display_init
                                    153 ;	main.c: 17: display_clean();
      00000C CDr00r00         [ 4]  154 	call	_display_clean
                                    155 ;	main.c: 18: display_buffer_fill_entire(splash);
      00000F AEr00r00         [ 2]  156 	ldw	x, #(_splash+0)
                                    157 ;	main.c: 20: }
      000012 CCr00r00         [ 2]  158 	jp	_display_buffer_fill_entire
                                    159 ;	main.c: 22: int main(void)
                                    160 ;	-----------------------------------------
                                    161 ;	 function main
                                    162 ;	-----------------------------------------
      000015                        163 _main:
                                    164 ;	main.c: 24: setup();
      000015 CDr00r00         [ 4]  165 	call	_setup
                                    166 ;	main.c: 25: gg();
      000018 CDr00r09         [ 4]  167 	call	_gg
                                    168 ;	main.c: 26: while(1);
      00001B                        169 00102$:
      00001B 20 FE            [ 2]  170 	jra	00102$
                                    171 ;	main.c: 27: }
      00001D 81               [ 4]  172 	ret
                                    173 	.area CODE
                                    174 	.area CONST
                                    175 	.area INITIALIZER
      000000                        176 __xinit__splash:
      000000 FF                     177 	.db #0xff	; 255
      000001 FF                     178 	.db #0xff	; 255
      000002 FF                     179 	.db #0xff	; 255
      000003 FF                     180 	.db #0xff	; 255
      000004 FF                     181 	.db #0xff	; 255
      000005 FF                     182 	.db #0xff	; 255
      000006 FF                     183 	.db #0xff	; 255
      000007 FF                     184 	.db #0xff	; 255
      000008 FF                     185 	.db #0xff	; 255
      000009 FF                     186 	.db #0xff	; 255
      00000A FF                     187 	.db #0xff	; 255
      00000B FF                     188 	.db #0xff	; 255
      00000C FF                     189 	.db #0xff	; 255
      00000D FF                     190 	.db #0xff	; 255
      00000E FF                     191 	.db #0xff	; 255
      00000F FF                     192 	.db #0xff	; 255
      000010 80                     193 	.db #0x80	; 128
      000011 00                     194 	.db #0x00	; 0
      000012 00                     195 	.db #0x00	; 0
      000013 00                     196 	.db #0x00	; 0
      000014 00                     197 	.db #0x00	; 0
      000015 00                     198 	.db #0x00	; 0
      000016 00                     199 	.db #0x00	; 0
      000017 00                     200 	.db #0x00	; 0
      000018 00                     201 	.db #0x00	; 0
      000019 00                     202 	.db #0x00	; 0
      00001A 00                     203 	.db #0x00	; 0
      00001B 00                     204 	.db #0x00	; 0
      00001C 00                     205 	.db #0x00	; 0
      00001D 00                     206 	.db #0x00	; 0
      00001E 00                     207 	.db #0x00	; 0
      00001F 01                     208 	.db #0x01	; 1
      000020 80                     209 	.db #0x80	; 128
      000021 FE                     210 	.db #0xfe	; 254
      000022 03                     211 	.db #0x03	; 3
      000023 FF                     212 	.db #0xff	; 255
      000024 FF                     213 	.db #0xff	; 255
      000025 FF                     214 	.db #0xff	; 255
      000026 FF                     215 	.db #0xff	; 255
      000027 80                     216 	.db #0x80	; 128
      000028 FF                     217 	.db #0xff	; 255
      000029 FF                     218 	.db #0xff	; 255
      00002A F8                     219 	.db #0xf8	; 248
      00002B 00                     220 	.db #0x00	; 0
      00002C 1D                     221 	.db #0x1d	; 29
      00002D 1D                     222 	.db #0x1d	; 29
      00002E 5C                     223 	.db #0x5c	; 92
      00002F ED                     224 	.db #0xed	; 237
      000030 80                     225 	.db #0x80	; 128
      000031 FE                     226 	.db #0xfe	; 254
      000032 03                     227 	.db #0x03	; 3
      000033 FF                     228 	.db #0xff	; 255
      000034 FF                     229 	.db #0xff	; 255
      000035 FF                     230 	.db #0xff	; 255
      000036 FF                     231 	.db #0xff	; 255
      000037 80                     232 	.db #0x80	; 128
      000038 FF                     233 	.db #0xff	; 255
      000039 FF                     234 	.db #0xff	; 255
      00003A F8                     235 	.db #0xf8	; 248
      00003B 00                     236 	.db #0x00	; 0
      00003C 15                     237 	.db #0x15	; 21
      00003D 15                     238 	.db #0x15	; 21
      00003E 54                     239 	.db #0x54	; 84	'T'
      00003F A5                     240 	.db #0xa5	; 165
      000040 80                     241 	.db #0x80	; 128
      000041 FE                     242 	.db #0xfe	; 254
      000042 03                     243 	.db #0x03	; 3
      000043 FF                     244 	.db #0xff	; 255
      000044 FF                     245 	.db #0xff	; 255
      000045 FF                     246 	.db #0xff	; 255
      000046 FF                     247 	.db #0xff	; 255
      000047 80                     248 	.db #0x80	; 128
      000048 FF                     249 	.db #0xff	; 255
      000049 FF                     250 	.db #0xff	; 255
      00004A F8                     251 	.db #0xf8	; 248
      00004B 00                     252 	.db #0x00	; 0
      00004C 1D                     253 	.db #0x1d	; 29
      00004D 1D                     254 	.db #0x1d	; 29
      00004E DC                     255 	.db #0xdc	; 220
      00004F A5                     256 	.db #0xa5	; 165
      000050 80                     257 	.db #0x80	; 128
      000051 FE                     258 	.db #0xfe	; 254
      000052 03                     259 	.db #0x03	; 3
      000053 FF                     260 	.db #0xff	; 255
      000054 FF                     261 	.db #0xff	; 255
      000055 FF                     262 	.db #0xff	; 255
      000056 FF                     263 	.db #0xff	; 255
      000057 80                     264 	.db #0x80	; 128
      000058 FF                     265 	.db #0xff	; 255
      000059 FF                     266 	.db #0xff	; 255
      00005A F8                     267 	.db #0xf8	; 248
      00005B 00                     268 	.db #0x00	; 0
      00005C 15                     269 	.db #0x15	; 21
      00005D D1                     270 	.db #0xd1	; 209
      00005E 54                     271 	.db #0x54	; 84	'T'
      00005F E5                     272 	.db #0xe5	; 229
      000060 80                     273 	.db #0x80	; 128
      000061 FE                     274 	.db #0xfe	; 254
      000062 03                     275 	.db #0x03	; 3
      000063 FF                     276 	.db #0xff	; 255
      000064 FF                     277 	.db #0xff	; 255
      000065 FF                     278 	.db #0xff	; 255
      000066 FF                     279 	.db #0xff	; 255
      000067 80                     280 	.db #0x80	; 128
      000068 FF                     281 	.db #0xff	; 255
      000069 FF                     282 	.db #0xff	; 255
      00006A F8                     283 	.db #0xf8	; 248
      00006B 00                     284 	.db #0x00	; 0
      00006C 00                     285 	.db #0x00	; 0
      00006D 00                     286 	.db #0x00	; 0
      00006E 00                     287 	.db #0x00	; 0
      00006F 01                     288 	.db #0x01	; 1
      000070 80                     289 	.db #0x80	; 128
      000071 FE                     290 	.db #0xfe	; 254
      000072 03                     291 	.db #0x03	; 3
      000073 FF                     292 	.db #0xff	; 255
      000074 FF                     293 	.db #0xff	; 255
      000075 FF                     294 	.db #0xff	; 255
      000076 FF                     295 	.db #0xff	; 255
      000077 80                     296 	.db #0x80	; 128
      000078 FF                     297 	.db #0xff	; 255
      000079 FF                     298 	.db #0xff	; 255
      00007A F8                     299 	.db #0xf8	; 248
      00007B 00                     300 	.db #0x00	; 0
      00007C 00                     301 	.db #0x00	; 0
      00007D 00                     302 	.db #0x00	; 0
      00007E 00                     303 	.db #0x00	; 0
      00007F 01                     304 	.db #0x01	; 1
      000080 80                     305 	.db #0x80	; 128
      000081 FE                     306 	.db #0xfe	; 254
      000082 03                     307 	.db #0x03	; 3
      000083 FF                     308 	.db #0xff	; 255
      000084 FF                     309 	.db #0xff	; 255
      000085 FF                     310 	.db #0xff	; 255
      000086 FF                     311 	.db #0xff	; 255
      000087 80                     312 	.db #0x80	; 128
      000088 FF                     313 	.db #0xff	; 255
      000089 FF                     314 	.db #0xff	; 255
      00008A F8                     315 	.db #0xf8	; 248
      00008B 00                     316 	.db #0x00	; 0
      00008C 00                     317 	.db #0x00	; 0
      00008D 00                     318 	.db #0x00	; 0
      00008E 00                     319 	.db #0x00	; 0
      00008F 01                     320 	.db #0x01	; 1
      000090 80                     321 	.db #0x80	; 128
      000091 FF                     322 	.db #0xff	; 255
      000092 FF                     323 	.db #0xff	; 255
      000093 F8                     324 	.db #0xf8	; 248
      000094 0F                     325 	.db #0x0f	; 15
      000095 E0                     326 	.db #0xe0	; 224
      000096 3F                     327 	.db #0x3f	; 63
      000097 80                     328 	.db #0x80	; 128
      000098 FE                     329 	.db #0xfe	; 254
      000099 03                     330 	.db #0x03	; 3
      00009A F8                     331 	.db #0xf8	; 248
      00009B 00                     332 	.db #0x00	; 0
      00009C 00                     333 	.db #0x00	; 0
      00009D 00                     334 	.db #0x00	; 0
      00009E 00                     335 	.db #0x00	; 0
      00009F 01                     336 	.db #0x01	; 1
      0000A0 80                     337 	.db #0x80	; 128
      0000A1 FF                     338 	.db #0xff	; 255
      0000A2 FF                     339 	.db #0xff	; 255
      0000A3 F8                     340 	.db #0xf8	; 248
      0000A4 0F                     341 	.db #0x0f	; 15
      0000A5 E0                     342 	.db #0xe0	; 224
      0000A6 3F                     343 	.db #0x3f	; 63
      0000A7 80                     344 	.db #0x80	; 128
      0000A8 FE                     345 	.db #0xfe	; 254
      0000A9 03                     346 	.db #0x03	; 3
      0000AA F8                     347 	.db #0xf8	; 248
      0000AB 00                     348 	.db #0x00	; 0
      0000AC 00                     349 	.db #0x00	; 0
      0000AD 00                     350 	.db #0x00	; 0
      0000AE 00                     351 	.db #0x00	; 0
      0000AF 01                     352 	.db #0x01	; 1
      0000B0 80                     353 	.db #0x80	; 128
      0000B1 FF                     354 	.db #0xff	; 255
      0000B2 FF                     355 	.db #0xff	; 255
      0000B3 F8                     356 	.db #0xf8	; 248
      0000B4 0F                     357 	.db #0x0f	; 15
      0000B5 E0                     358 	.db #0xe0	; 224
      0000B6 3F                     359 	.db #0x3f	; 63
      0000B7 80                     360 	.db #0x80	; 128
      0000B8 FE                     361 	.db #0xfe	; 254
      0000B9 03                     362 	.db #0x03	; 3
      0000BA F8                     363 	.db #0xf8	; 248
      0000BB 00                     364 	.db #0x00	; 0
      0000BC 00                     365 	.db #0x00	; 0
      0000BD 00                     366 	.db #0x00	; 0
      0000BE 00                     367 	.db #0x00	; 0
      0000BF 01                     368 	.db #0x01	; 1
      0000C0 80                     369 	.db #0x80	; 128
      0000C1 FF                     370 	.db #0xff	; 255
      0000C2 FF                     371 	.db #0xff	; 255
      0000C3 F8                     372 	.db #0xf8	; 248
      0000C4 0F                     373 	.db #0x0f	; 15
      0000C5 E0                     374 	.db #0xe0	; 224
      0000C6 3F                     375 	.db #0x3f	; 63
      0000C7 80                     376 	.db #0x80	; 128
      0000C8 FE                     377 	.db #0xfe	; 254
      0000C9 03                     378 	.db #0x03	; 3
      0000CA F8                     379 	.db #0xf8	; 248
      0000CB 00                     380 	.db #0x00	; 0
      0000CC 00                     381 	.db #0x00	; 0
      0000CD 00                     382 	.db #0x00	; 0
      0000CE 00                     383 	.db #0x00	; 0
      0000CF 01                     384 	.db #0x01	; 1
      0000D0 80                     385 	.db #0x80	; 128
      0000D1 FF                     386 	.db #0xff	; 255
      0000D2 FF                     387 	.db #0xff	; 255
      0000D3 F8                     388 	.db #0xf8	; 248
      0000D4 0F                     389 	.db #0x0f	; 15
      0000D5 E0                     390 	.db #0xe0	; 224
      0000D6 3F                     391 	.db #0x3f	; 63
      0000D7 80                     392 	.db #0x80	; 128
      0000D8 FE                     393 	.db #0xfe	; 254
      0000D9 03                     394 	.db #0x03	; 3
      0000DA F8                     395 	.db #0xf8	; 248
      0000DB 00                     396 	.db #0x00	; 0
      0000DC 00                     397 	.db #0x00	; 0
      0000DD 00                     398 	.db #0x00	; 0
      0000DE 00                     399 	.db #0x00	; 0
      0000DF 01                     400 	.db #0x01	; 1
      0000E0 80                     401 	.db #0x80	; 128
      0000E1 FF                     402 	.db #0xff	; 255
      0000E2 FF                     403 	.db #0xff	; 255
      0000E3 F8                     404 	.db #0xf8	; 248
      0000E4 0F                     405 	.db #0x0f	; 15
      0000E5 E0                     406 	.db #0xe0	; 224
      0000E6 3F                     407 	.db #0x3f	; 63
      0000E7 80                     408 	.db #0x80	; 128
      0000E8 FE                     409 	.db #0xfe	; 254
      0000E9 03                     410 	.db #0x03	; 3
      0000EA F8                     411 	.db #0xf8	; 248
      0000EB 00                     412 	.db #0x00	; 0
      0000EC 00                     413 	.db #0x00	; 0
      0000ED 00                     414 	.db #0x00	; 0
      0000EE 00                     415 	.db #0x00	; 0
      0000EF 01                     416 	.db #0x01	; 1
      0000F0 80                     417 	.db #0x80	; 128
      0000F1 FF                     418 	.db #0xff	; 255
      0000F2 FF                     419 	.db #0xff	; 255
      0000F3 F8                     420 	.db #0xf8	; 248
      0000F4 0F                     421 	.db #0x0f	; 15
      0000F5 E0                     422 	.db #0xe0	; 224
      0000F6 3F                     423 	.db #0x3f	; 63
      0000F7 80                     424 	.db #0x80	; 128
      0000F8 FE                     425 	.db #0xfe	; 254
      0000F9 03                     426 	.db #0x03	; 3
      0000FA F8                     427 	.db #0xf8	; 248
      0000FB 00                     428 	.db #0x00	; 0
      0000FC 00                     429 	.db #0x00	; 0
      0000FD 00                     430 	.db #0x00	; 0
      0000FE 00                     431 	.db #0x00	; 0
      0000FF 01                     432 	.db #0x01	; 1
      000100 80                     433 	.db #0x80	; 128
      000101 FE                     434 	.db #0xfe	; 254
      000102 03                     435 	.db #0x03	; 3
      000103 F8                     436 	.db #0xf8	; 248
      000104 0F                     437 	.db #0x0f	; 15
      000105 E0                     438 	.db #0xe0	; 224
      000106 3F                     439 	.db #0x3f	; 63
      000107 FF                     440 	.db #0xff	; 255
      000108 FF                     441 	.db #0xff	; 255
      000109 FC                     442 	.db #0xfc	; 252
      00010A 00                     443 	.db #0x00	; 0
      00010B 00                     444 	.db #0x00	; 0
      00010C 00                     445 	.db #0x00	; 0
      00010D 00                     446 	.db #0x00	; 0
      00010E 00                     447 	.db #0x00	; 0
      00010F 01                     448 	.db #0x01	; 1
      000110 80                     449 	.db #0x80	; 128
      000111 FE                     450 	.db #0xfe	; 254
      000112 03                     451 	.db #0x03	; 3
      000113 F8                     452 	.db #0xf8	; 248
      000114 0F                     453 	.db #0x0f	; 15
      000115 E0                     454 	.db #0xe0	; 224
      000116 3F                     455 	.db #0x3f	; 63
      000117 FF                     456 	.db #0xff	; 255
      000118 FF                     457 	.db #0xff	; 255
      000119 FC                     458 	.db #0xfc	; 252
      00011A 00                     459 	.db #0x00	; 0
      00011B 00                     460 	.db #0x00	; 0
      00011C 00                     461 	.db #0x00	; 0
      00011D 00                     462 	.db #0x00	; 0
      00011E 00                     463 	.db #0x00	; 0
      00011F 01                     464 	.db #0x01	; 1
      000120 80                     465 	.db #0x80	; 128
      000121 FE                     466 	.db #0xfe	; 254
      000122 03                     467 	.db #0x03	; 3
      000123 F8                     468 	.db #0xf8	; 248
      000124 0F                     469 	.db #0x0f	; 15
      000125 E0                     470 	.db #0xe0	; 224
      000126 3F                     471 	.db #0x3f	; 63
      000127 FF                     472 	.db #0xff	; 255
      000128 FF                     473 	.db #0xff	; 255
      000129 FC                     474 	.db #0xfc	; 252
      00012A 00                     475 	.db #0x00	; 0
      00012B 00                     476 	.db #0x00	; 0
      00012C 00                     477 	.db #0x00	; 0
      00012D 00                     478 	.db #0x00	; 0
      00012E 00                     479 	.db #0x00	; 0
      00012F 01                     480 	.db #0x01	; 1
      000130 80                     481 	.db #0x80	; 128
      000131 FE                     482 	.db #0xfe	; 254
      000132 03                     483 	.db #0x03	; 3
      000133 F8                     484 	.db #0xf8	; 248
      000134 0F                     485 	.db #0x0f	; 15
      000135 E0                     486 	.db #0xe0	; 224
      000136 3F                     487 	.db #0x3f	; 63
      000137 FF                     488 	.db #0xff	; 255
      000138 FF                     489 	.db #0xff	; 255
      000139 FC                     490 	.db #0xfc	; 252
      00013A 00                     491 	.db #0x00	; 0
      00013B 00                     492 	.db #0x00	; 0
      00013C 00                     493 	.db #0x00	; 0
      00013D 00                     494 	.db #0x00	; 0
      00013E 00                     495 	.db #0x00	; 0
      00013F 01                     496 	.db #0x01	; 1
      000140 80                     497 	.db #0x80	; 128
      000141 FE                     498 	.db #0xfe	; 254
      000142 03                     499 	.db #0x03	; 3
      000143 F8                     500 	.db #0xf8	; 248
      000144 0F                     501 	.db #0x0f	; 15
      000145 E0                     502 	.db #0xe0	; 224
      000146 3F                     503 	.db #0x3f	; 63
      000147 FF                     504 	.db #0xff	; 255
      000148 FF                     505 	.db #0xff	; 255
      000149 FC                     506 	.db #0xfc	; 252
      00014A 00                     507 	.db #0x00	; 0
      00014B 00                     508 	.db #0x00	; 0
      00014C 00                     509 	.db #0x00	; 0
      00014D 00                     510 	.db #0x00	; 0
      00014E 00                     511 	.db #0x00	; 0
      00014F 01                     512 	.db #0x01	; 1
      000150 80                     513 	.db #0x80	; 128
      000151 FE                     514 	.db #0xfe	; 254
      000152 03                     515 	.db #0x03	; 3
      000153 F8                     516 	.db #0xf8	; 248
      000154 0F                     517 	.db #0x0f	; 15
      000155 E0                     518 	.db #0xe0	; 224
      000156 3F                     519 	.db #0x3f	; 63
      000157 FF                     520 	.db #0xff	; 255
      000158 FF                     521 	.db #0xff	; 255
      000159 FC                     522 	.db #0xfc	; 252
      00015A 00                     523 	.db #0x00	; 0
      00015B 00                     524 	.db #0x00	; 0
      00015C 00                     525 	.db #0x00	; 0
      00015D 00                     526 	.db #0x00	; 0
      00015E 00                     527 	.db #0x00	; 0
      00015F 01                     528 	.db #0x01	; 1
      000160 80                     529 	.db #0x80	; 128
      000161 FE                     530 	.db #0xfe	; 254
      000162 03                     531 	.db #0x03	; 3
      000163 F8                     532 	.db #0xf8	; 248
      000164 0F                     533 	.db #0x0f	; 15
      000165 E0                     534 	.db #0xe0	; 224
      000166 3F                     535 	.db #0x3f	; 63
      000167 FF                     536 	.db #0xff	; 255
      000168 FF                     537 	.db #0xff	; 255
      000169 FC                     538 	.db #0xfc	; 252
      00016A 00                     539 	.db #0x00	; 0
      00016B 00                     540 	.db #0x00	; 0
      00016C 00                     541 	.db #0x00	; 0
      00016D 00                     542 	.db #0x00	; 0
      00016E 00                     543 	.db #0x00	; 0
      00016F 01                     544 	.db #0x01	; 1
      000170 80                     545 	.db #0x80	; 128
      000171 FE                     546 	.db #0xfe	; 254
      000172 03                     547 	.db #0x03	; 3
      000173 F8                     548 	.db #0xf8	; 248
      000174 0F                     549 	.db #0x0f	; 15
      000175 E0                     550 	.db #0xe0	; 224
      000176 3F                     551 	.db #0x3f	; 63
      000177 80                     552 	.db #0x80	; 128
      000178 FE                     553 	.db #0xfe	; 254
      000179 03                     554 	.db #0x03	; 3
      00017A F8                     555 	.db #0xf8	; 248
      00017B FE                     556 	.db #0xfe	; 254
      00017C 00                     557 	.db #0x00	; 0
      00017D 00                     558 	.db #0x00	; 0
      00017E 00                     559 	.db #0x00	; 0
      00017F 01                     560 	.db #0x01	; 1
      000180 80                     561 	.db #0x80	; 128
      000181 FE                     562 	.db #0xfe	; 254
      000182 03                     563 	.db #0x03	; 3
      000183 F8                     564 	.db #0xf8	; 248
      000184 0F                     565 	.db #0x0f	; 15
      000185 E0                     566 	.db #0xe0	; 224
      000186 3F                     567 	.db #0x3f	; 63
      000187 80                     568 	.db #0x80	; 128
      000188 FE                     569 	.db #0xfe	; 254
      000189 03                     570 	.db #0x03	; 3
      00018A F8                     571 	.db #0xf8	; 248
      00018B FE                     572 	.db #0xfe	; 254
      00018C 7C                     573 	.db #0x7c	; 124
      00018D 7E                     574 	.db #0x7e	; 126
      00018E 00                     575 	.db #0x00	; 0
      00018F 01                     576 	.db #0x01	; 1
      000190 80                     577 	.db #0x80	; 128
      000191 FE                     578 	.db #0xfe	; 254
      000192 03                     579 	.db #0x03	; 3
      000193 F8                     580 	.db #0xf8	; 248
      000194 0F                     581 	.db #0x0f	; 15
      000195 E0                     582 	.db #0xe0	; 224
      000196 3F                     583 	.db #0x3f	; 63
      000197 80                     584 	.db #0x80	; 128
      000198 FE                     585 	.db #0xfe	; 254
      000199 03                     586 	.db #0x03	; 3
      00019A F8                     587 	.db #0xf8	; 248
      00019B 38                     588 	.db #0x38	; 56	'8'
      00019C 7E                     589 	.db #0x7e	; 126
      00019D 7E                     590 	.db #0x7e	; 126
      00019E 00                     591 	.db #0x00	; 0
      00019F 01                     592 	.db #0x01	; 1
      0001A0 80                     593 	.db #0x80	; 128
      0001A1 FE                     594 	.db #0xfe	; 254
      0001A2 03                     595 	.db #0x03	; 3
      0001A3 F8                     596 	.db #0xf8	; 248
      0001A4 0F                     597 	.db #0x0f	; 15
      0001A5 E0                     598 	.db #0xe0	; 224
      0001A6 3F                     599 	.db #0x3f	; 63
      0001A7 80                     600 	.db #0x80	; 128
      0001A8 FE                     601 	.db #0xfe	; 254
      0001A9 03                     602 	.db #0x03	; 3
      0001AA F8                     603 	.db #0xf8	; 248
      0001AB 38                     604 	.db #0x38	; 56	'8'
      0001AC 66                     605 	.db #0x66	; 102	'f'
      0001AD 60                     606 	.db #0x60	; 96
      0001AE 00                     607 	.db #0x00	; 0
      0001AF 01                     608 	.db #0x01	; 1
      0001B0 80                     609 	.db #0x80	; 128
      0001B1 FE                     610 	.db #0xfe	; 254
      0001B2 03                     611 	.db #0x03	; 3
      0001B3 F8                     612 	.db #0xf8	; 248
      0001B4 0F                     613 	.db #0x0f	; 15
      0001B5 E0                     614 	.db #0xe0	; 224
      0001B6 3F                     615 	.db #0x3f	; 63
      0001B7 80                     616 	.db #0x80	; 128
      0001B8 FE                     617 	.db #0xfe	; 254
      0001B9 03                     618 	.db #0x03	; 3
      0001BA F8                     619 	.db #0xf8	; 248
      0001BB 38                     620 	.db #0x38	; 56	'8'
      0001BC 66                     621 	.db #0x66	; 102	'f'
      0001BD 60                     622 	.db #0x60	; 96
      0001BE 00                     623 	.db #0x00	; 0
      0001BF 01                     624 	.db #0x01	; 1
      0001C0 80                     625 	.db #0x80	; 128
      0001C1 FE                     626 	.db #0xfe	; 254
      0001C2 03                     627 	.db #0x03	; 3
      0001C3 F8                     628 	.db #0xf8	; 248
      0001C4 0F                     629 	.db #0x0f	; 15
      0001C5 E0                     630 	.db #0xe0	; 224
      0001C6 3F                     631 	.db #0x3f	; 63
      0001C7 80                     632 	.db #0x80	; 128
      0001C8 FE                     633 	.db #0xfe	; 254
      0001C9 03                     634 	.db #0x03	; 3
      0001CA F8                     635 	.db #0xf8	; 248
      0001CB FE                     636 	.db #0xfe	; 254
      0001CC 66                     637 	.db #0x66	; 102	'f'
      0001CD 7E                     638 	.db #0x7e	; 126
      0001CE 18                     639 	.db #0x18	; 24
      0001CF 01                     640 	.db #0x01	; 1
      0001D0 80                     641 	.db #0x80	; 128
      0001D1 FE                     642 	.db #0xfe	; 254
      0001D2 03                     643 	.db #0x03	; 3
      0001D3 F8                     644 	.db #0xf8	; 248
      0001D4 0F                     645 	.db #0x0f	; 15
      0001D5 E0                     646 	.db #0xe0	; 224
      0001D6 3F                     647 	.db #0x3f	; 63
      0001D7 80                     648 	.db #0x80	; 128
      0001D8 FE                     649 	.db #0xfe	; 254
      0001D9 03                     650 	.db #0x03	; 3
      0001DA F8                     651 	.db #0xf8	; 248
      0001DB FE                     652 	.db #0xfe	; 254
      0001DC 66                     653 	.db #0x66	; 102	'f'
      0001DD 7E                     654 	.db #0x7e	; 126
      0001DE 18                     655 	.db #0x18	; 24
      0001DF 01                     656 	.db #0x01	; 1
      0001E0 80                     657 	.db #0x80	; 128
      0001E1 00                     658 	.db #0x00	; 0
      0001E2 00                     659 	.db #0x00	; 0
      0001E3 00                     660 	.db #0x00	; 0
      0001E4 00                     661 	.db #0x00	; 0
      0001E5 00                     662 	.db #0x00	; 0
      0001E6 00                     663 	.db #0x00	; 0
      0001E7 00                     664 	.db #0x00	; 0
      0001E8 00                     665 	.db #0x00	; 0
      0001E9 00                     666 	.db #0x00	; 0
      0001EA 00                     667 	.db #0x00	; 0
      0001EB 00                     668 	.db #0x00	; 0
      0001EC 00                     669 	.db #0x00	; 0
      0001ED 00                     670 	.db #0x00	; 0
      0001EE 00                     671 	.db #0x00	; 0
      0001EF 01                     672 	.db #0x01	; 1
      0001F0 FF                     673 	.db #0xff	; 255
      0001F1 FF                     674 	.db #0xff	; 255
      0001F2 FF                     675 	.db #0xff	; 255
      0001F3 FF                     676 	.db #0xff	; 255
      0001F4 FF                     677 	.db #0xff	; 255
      0001F5 FF                     678 	.db #0xff	; 255
      0001F6 FF                     679 	.db #0xff	; 255
      0001F7 FF                     680 	.db #0xff	; 255
      0001F8 FF                     681 	.db #0xff	; 255
      0001F9 FF                     682 	.db #0xff	; 255
      0001FA FF                     683 	.db #0xff	; 255
      0001FB FF                     684 	.db #0xff	; 255
      0001FC FF                     685 	.db #0xff	; 255
      0001FD FF                     686 	.db #0xff	; 255
      0001FE FF                     687 	.db #0xff	; 255
      0001FF FF                     688 	.db #0xff	; 255
      000200                        689 __xinit__I2C_IRQ:
      000200 00                     690 	.db #0x00	; 0
                                    691 	.area CABS (ABS)
