                                      1 ;--------------------------------------------------------
                                      2 ; File Created by SDCC : free open source ISO C Compiler 
                                      3 ; Version 4.4.0 #14620 (Linux)
                                      4 ;--------------------------------------------------------
                                      5 	.module ssd1306_lib
                                      6 	.optsdcc -mstm8
                                      7 	
                                      8 ;--------------------------------------------------------
                                      9 ; Public variables in this module
                                     10 ;--------------------------------------------------------
                                     11 	.globl _set_bit
                                     12 	.globl _get_bit
                                     13 	.globl _i2c_write
                                     14 	.globl _display_init
                                     15 	.globl _display_set_params_to_write
                                     16 	.globl _display_draw_pixel
                                     17 	.globl _display_buffer_fill_entire
                                     18 	.globl _display_clean
                                     19 ;--------------------------------------------------------
                                     20 ; ram data
                                     21 ;--------------------------------------------------------
                                     22 	.area DATA
                                     23 ;--------------------------------------------------------
                                     24 ; ram data
                                     25 ;--------------------------------------------------------
                                     26 	.area INITIALIZED
                                     27 ;--------------------------------------------------------
                                     28 ; absolute external ram data
                                     29 ;--------------------------------------------------------
                                     30 	.area DABS (ABS)
                                     31 
                                     32 ; default segment ordering for linker
                                     33 	.area HOME
                                     34 	.area GSINIT
                                     35 	.area GSFINAL
                                     36 	.area CONST
                                     37 	.area INITIALIZER
                                     38 	.area CODE
                                     39 
                                     40 ;--------------------------------------------------------
                                     41 ; global & static initialisations
                                     42 ;--------------------------------------------------------
                                     43 	.area HOME
                                     44 	.area GSINIT
                                     45 	.area GSFINAL
                                     46 	.area GSINIT
                                     47 ;--------------------------------------------------------
                                     48 ; Home
                                     49 ;--------------------------------------------------------
                                     50 	.area HOME
                                     51 	.area HOME
                                     52 ;--------------------------------------------------------
                                     53 ; code
                                     54 ;--------------------------------------------------------
                                     55 	.area CODE
                                     56 ;	libs/ssd1306_lib.c: 3: int get_bit(int data,int bit)
                                     57 ;	-----------------------------------------
                                     58 ;	 function get_bit
                                     59 ;	-----------------------------------------
      000000                         60 _get_bit:
                                     61 ;	libs/ssd1306_lib.c: 5: return ((data >> bit) & 1) ? 1 : 0;
      000000 7B 04            [ 1]   62 	ld	a, (0x04, sp)
      000002 27 04            [ 1]   63 	jreq	00113$
      000004                         64 00112$:
      000004 57               [ 2]   65 	sraw	x
      000005 4A               [ 1]   66 	dec	a
      000006 26 FC            [ 1]   67 	jrne	00112$
      000008                         68 00113$:
      000008 54               [ 2]   69 	srlw	x
      000009 24 03            [ 1]   70 	jrnc	00103$
      00000B 5F               [ 1]   71 	clrw	x
      00000C 5C               [ 1]   72 	incw	x
      00000D 21                      73 	.byte 0x21
      00000E                         74 00103$:
      00000E 5F               [ 1]   75 	clrw	x
      00000F                         76 00104$:
                                     77 ;	libs/ssd1306_lib.c: 6: }
      00000F 90 85            [ 2]   78 	popw	y
      000011 5B 02            [ 2]   79 	addw	sp, #2
      000013 90 FC            [ 2]   80 	jp	(y)
                                     81 ;	libs/ssd1306_lib.c: 7: int set_bit(int data,int bit, int value)
                                     82 ;	-----------------------------------------
                                     83 ;	 function set_bit
                                     84 ;	-----------------------------------------
      000015                         85 _set_bit:
      000015 52 04            [ 2]   86 	sub	sp, #4
      000017 1F 01            [ 2]   87 	ldw	(0x01, sp), x
                                     88 ;	libs/ssd1306_lib.c: 9: int mask = 1 << bit ;
      000019 5F               [ 1]   89 	clrw	x
      00001A 5C               [ 1]   90 	incw	x
      00001B 1F 03            [ 2]   91 	ldw	(0x03, sp), x
      00001D 7B 08            [ 1]   92 	ld	a, (0x08, sp)
      00001F 27 07            [ 1]   93 	jreq	00114$
      000021                         94 00113$:
      000021 08 04            [ 1]   95 	sll	(0x04, sp)
      000023 09 03            [ 1]   96 	rlc	(0x03, sp)
      000025 4A               [ 1]   97 	dec	a
      000026 26 F9            [ 1]   98 	jrne	00113$
      000028                         99 00114$:
                                    100 ;	libs/ssd1306_lib.c: 10: switch(value)
      000028 1E 09            [ 2]  101 	ldw	x, (0x09, sp)
      00002A 5A               [ 2]  102 	decw	x
      00002B 26 0B            [ 1]  103 	jrne	00102$
                                    104 ;	libs/ssd1306_lib.c: 13: data |= mask;
      00002D 7B 02            [ 1]  105 	ld	a, (0x02, sp)
      00002F 1A 04            [ 1]  106 	or	a, (0x04, sp)
      000031 97               [ 1]  107 	ld	xl, a
      000032 7B 01            [ 1]  108 	ld	a, (0x01, sp)
      000034 1A 03            [ 1]  109 	or	a, (0x03, sp)
                                    110 ;	libs/ssd1306_lib.c: 14: break;
      000036 20 09            [ 2]  111 	jra	00103$
                                    112 ;	libs/ssd1306_lib.c: 16: default:
      000038                        113 00102$:
                                    114 ;	libs/ssd1306_lib.c: 17: data &= ~mask;
      000038 1E 03            [ 2]  115 	ldw	x, (0x03, sp)
      00003A 53               [ 2]  116 	cplw	x
      00003B 9F               [ 1]  117 	ld	a, xl
      00003C 14 02            [ 1]  118 	and	a, (0x02, sp)
      00003E 02               [ 1]  119 	rlwa	x
      00003F 14 01            [ 1]  120 	and	a, (0x01, sp)
                                    121 ;	libs/ssd1306_lib.c: 19: }
      000041                        122 00103$:
                                    123 ;	libs/ssd1306_lib.c: 20: return data;
      000041 95               [ 1]  124 	ld	xh, a
                                    125 ;	libs/ssd1306_lib.c: 21: }
      000042 16 05            [ 2]  126 	ldw	y, (5, sp)
      000044 5B 0A            [ 2]  127 	addw	sp, #10
      000046 90 FC            [ 2]  128 	jp	(y)
                                    129 ;	libs/ssd1306_lib.c: 23: void display_init(void)
                                    130 ;	-----------------------------------------
                                    131 ;	 function display_init
                                    132 ;	-----------------------------------------
      000048                        133 _display_init:
      000048 52 07            [ 2]  134 	sub	sp, #7
                                    135 ;	libs/ssd1306_lib.c: 25: uint8_t setup_buf[7] = {0x00,0xAE,0xD5,0x80,0xA8,0x1F,0xAF};
      00004A 0F 01            [ 1]  136 	clr	(0x01, sp)
      00004C A6 AE            [ 1]  137 	ld	a, #0xae
      00004E 6B 02            [ 1]  138 	ld	(0x02, sp), a
      000050 A6 D5            [ 1]  139 	ld	a, #0xd5
      000052 6B 03            [ 1]  140 	ld	(0x03, sp), a
      000054 A6 80            [ 1]  141 	ld	a, #0x80
      000056 6B 04            [ 1]  142 	ld	(0x04, sp), a
      000058 A6 A8            [ 1]  143 	ld	a, #0xa8
      00005A 6B 05            [ 1]  144 	ld	(0x05, sp), a
      00005C A6 1F            [ 1]  145 	ld	a, #0x1f
      00005E 6B 06            [ 1]  146 	ld	(0x06, sp), a
      000060 A6 AF            [ 1]  147 	ld	a, #0xaf
      000062 6B 07            [ 1]  148 	ld	(0x07, sp), a
                                    149 ;	libs/ssd1306_lib.c: 26: i2c_write(I2C_DISPLAY_ADDR,5,setup_buf);
      000064 96               [ 1]  150 	ldw	x, sp
      000065 5C               [ 1]  151 	incw	x
      000066 89               [ 2]  152 	pushw	x
      000067 4B 05            [ 1]  153 	push	#0x05
      000069 A6 3C            [ 1]  154 	ld	a, #0x3c
      00006B CDr00r00         [ 4]  155 	call	_i2c_write
                                    156 ;	libs/ssd1306_lib.c: 27: setup_buf[1] = 0x1F;
      00006E A6 1F            [ 1]  157 	ld	a, #0x1f
      000070 6B 02            [ 1]  158 	ld	(0x02, sp), a
                                    159 ;	libs/ssd1306_lib.c: 28: i2c_write(I2C_DISPLAY_ADDR,2,setup_buf);
      000072 96               [ 1]  160 	ldw	x, sp
      000073 5C               [ 1]  161 	incw	x
      000074 89               [ 2]  162 	pushw	x
      000075 4B 02            [ 1]  163 	push	#0x02
      000077 A6 3C            [ 1]  164 	ld	a, #0x3c
      000079 CDr00r00         [ 4]  165 	call	_i2c_write
                                    166 ;	libs/ssd1306_lib.c: 29: setup_buf[1] = 0xD3;
      00007C A6 D3            [ 1]  167 	ld	a, #0xd3
      00007E 6B 02            [ 1]  168 	ld	(0x02, sp), a
                                    169 ;	libs/ssd1306_lib.c: 30: setup_buf[2] = 0x00;
      000080 0F 03            [ 1]  170 	clr	(0x03, sp)
                                    171 ;	libs/ssd1306_lib.c: 31: setup_buf[3] = 0x40;
      000082 A6 40            [ 1]  172 	ld	a, #0x40
      000084 6B 04            [ 1]  173 	ld	(0x04, sp), a
                                    174 ;	libs/ssd1306_lib.c: 32: setup_buf[4] = 0x8D;
      000086 A6 8D            [ 1]  175 	ld	a, #0x8d
      000088 6B 05            [ 1]  176 	ld	(0x05, sp), a
                                    177 ;	libs/ssd1306_lib.c: 33: i2c_write(I2C_DISPLAY_ADDR,5,setup_buf);
      00008A 96               [ 1]  178 	ldw	x, sp
      00008B 5C               [ 1]  179 	incw	x
      00008C 89               [ 2]  180 	pushw	x
      00008D 4B 05            [ 1]  181 	push	#0x05
      00008F A6 3C            [ 1]  182 	ld	a, #0x3c
      000091 CDr00r00         [ 4]  183 	call	_i2c_write
                                    184 ;	libs/ssd1306_lib.c: 34: setup_buf[1] = 0x14;
      000094 A6 14            [ 1]  185 	ld	a, #0x14
      000096 6B 02            [ 1]  186 	ld	(0x02, sp), a
                                    187 ;	libs/ssd1306_lib.c: 35: i2c_write(I2C_DISPLAY_ADDR,2,setup_buf);
      000098 96               [ 1]  188 	ldw	x, sp
      000099 5C               [ 1]  189 	incw	x
      00009A 89               [ 2]  190 	pushw	x
      00009B 4B 02            [ 1]  191 	push	#0x02
      00009D A6 3C            [ 1]  192 	ld	a, #0x3c
      00009F CDr00r00         [ 4]  193 	call	_i2c_write
                                    194 ;	libs/ssd1306_lib.c: 36: setup_buf[1] = 0xDB;
      0000A2 A6 DB            [ 1]  195 	ld	a, #0xdb
      0000A4 6B 02            [ 1]  196 	ld	(0x02, sp), a
                                    197 ;	libs/ssd1306_lib.c: 37: setup_buf[2] = 0x40;
      0000A6 A6 40            [ 1]  198 	ld	a, #0x40
      0000A8 6B 03            [ 1]  199 	ld	(0x03, sp), a
                                    200 ;	libs/ssd1306_lib.c: 38: setup_buf[3] = 0xA4;
      0000AA A6 A4            [ 1]  201 	ld	a, #0xa4
      0000AC 6B 04            [ 1]  202 	ld	(0x04, sp), a
                                    203 ;	libs/ssd1306_lib.c: 39: setup_buf[4] = 0xA6;
      0000AE A6 A6            [ 1]  204 	ld	a, #0xa6
      0000B0 6B 05            [ 1]  205 	ld	(0x05, sp), a
                                    206 ;	libs/ssd1306_lib.c: 40: i2c_write(I2C_DISPLAY_ADDR,5,setup_buf);
      0000B2 96               [ 1]  207 	ldw	x, sp
      0000B3 5C               [ 1]  208 	incw	x
      0000B4 89               [ 2]  209 	pushw	x
      0000B5 4B 05            [ 1]  210 	push	#0x05
      0000B7 A6 3C            [ 1]  211 	ld	a, #0x3c
      0000B9 CDr00r00         [ 4]  212 	call	_i2c_write
                                    213 ;	libs/ssd1306_lib.c: 41: setup_buf[1] = 0xDA;
      0000BC A6 DA            [ 1]  214 	ld	a, #0xda
      0000BE 6B 02            [ 1]  215 	ld	(0x02, sp), a
                                    216 ;	libs/ssd1306_lib.c: 42: i2c_write(I2C_DISPLAY_ADDR,2,setup_buf);
      0000C0 96               [ 1]  217 	ldw	x, sp
      0000C1 5C               [ 1]  218 	incw	x
      0000C2 89               [ 2]  219 	pushw	x
      0000C3 4B 02            [ 1]  220 	push	#0x02
      0000C5 A6 3C            [ 1]  221 	ld	a, #0x3c
      0000C7 CDr00r00         [ 4]  222 	call	_i2c_write
                                    223 ;	libs/ssd1306_lib.c: 43: setup_buf[1] = 0x02;
      0000CA A6 02            [ 1]  224 	ld	a, #0x02
      0000CC 6B 02            [ 1]  225 	ld	(0x02, sp), a
                                    226 ;	libs/ssd1306_lib.c: 44: i2c_write(I2C_DISPLAY_ADDR,2,setup_buf);
      0000CE 96               [ 1]  227 	ldw	x, sp
      0000CF 5C               [ 1]  228 	incw	x
      0000D0 89               [ 2]  229 	pushw	x
      0000D1 4B 02            [ 1]  230 	push	#0x02
      0000D3 A6 3C            [ 1]  231 	ld	a, #0x3c
      0000D5 CDr00r00         [ 4]  232 	call	_i2c_write
                                    233 ;	libs/ssd1306_lib.c: 45: setup_buf[1] = 0x81;
      0000D8 A6 81            [ 1]  234 	ld	a, #0x81
      0000DA 6B 02            [ 1]  235 	ld	(0x02, sp), a
                                    236 ;	libs/ssd1306_lib.c: 46: i2c_write(I2C_DISPLAY_ADDR,2,setup_buf);
      0000DC 96               [ 1]  237 	ldw	x, sp
      0000DD 5C               [ 1]  238 	incw	x
      0000DE 89               [ 2]  239 	pushw	x
      0000DF 4B 02            [ 1]  240 	push	#0x02
      0000E1 A6 3C            [ 1]  241 	ld	a, #0x3c
      0000E3 CDr00r00         [ 4]  242 	call	_i2c_write
                                    243 ;	libs/ssd1306_lib.c: 47: setup_buf[1] = 0x8F;
      0000E6 A6 8F            [ 1]  244 	ld	a, #0x8f
      0000E8 6B 02            [ 1]  245 	ld	(0x02, sp), a
                                    246 ;	libs/ssd1306_lib.c: 48: i2c_write(I2C_DISPLAY_ADDR,2,setup_buf);
      0000EA 96               [ 1]  247 	ldw	x, sp
      0000EB 5C               [ 1]  248 	incw	x
      0000EC 89               [ 2]  249 	pushw	x
      0000ED 4B 02            [ 1]  250 	push	#0x02
      0000EF A6 3C            [ 1]  251 	ld	a, #0x3c
      0000F1 CDr00r00         [ 4]  252 	call	_i2c_write
                                    253 ;	libs/ssd1306_lib.c: 49: setup_buf[1] = 0xD9;
      0000F4 A6 D9            [ 1]  254 	ld	a, #0xd9
      0000F6 6B 02            [ 1]  255 	ld	(0x02, sp), a
                                    256 ;	libs/ssd1306_lib.c: 50: i2c_write(I2C_DISPLAY_ADDR,2,setup_buf);
      0000F8 96               [ 1]  257 	ldw	x, sp
      0000F9 5C               [ 1]  258 	incw	x
      0000FA 89               [ 2]  259 	pushw	x
      0000FB 4B 02            [ 1]  260 	push	#0x02
      0000FD A6 3C            [ 1]  261 	ld	a, #0x3c
      0000FF CDr00r00         [ 4]  262 	call	_i2c_write
                                    263 ;	libs/ssd1306_lib.c: 51: setup_buf[1] = 0xF1;
      000102 A6 F1            [ 1]  264 	ld	a, #0xf1
      000104 6B 02            [ 1]  265 	ld	(0x02, sp), a
                                    266 ;	libs/ssd1306_lib.c: 52: i2c_write(I2C_DISPLAY_ADDR,2,setup_buf);
      000106 96               [ 1]  267 	ldw	x, sp
      000107 5C               [ 1]  268 	incw	x
      000108 89               [ 2]  269 	pushw	x
      000109 4B 02            [ 1]  270 	push	#0x02
      00010B A6 3C            [ 1]  271 	ld	a, #0x3c
      00010D CDr00r00         [ 4]  272 	call	_i2c_write
                                    273 ;	libs/ssd1306_lib.c: 53: setup_buf[1] = 0x20;
      000110 A6 20            [ 1]  274 	ld	a, #0x20
      000112 6B 02            [ 1]  275 	ld	(0x02, sp), a
                                    276 ;	libs/ssd1306_lib.c: 54: setup_buf[2] = 0x00;
      000114 0F 03            [ 1]  277 	clr	(0x03, sp)
                                    278 ;	libs/ssd1306_lib.c: 55: setup_buf[3] = 0xA1;
      000116 A6 A1            [ 1]  279 	ld	a, #0xa1
      000118 6B 04            [ 1]  280 	ld	(0x04, sp), a
                                    281 ;	libs/ssd1306_lib.c: 56: setup_buf[4] = 0xC8;
      00011A A6 C8            [ 1]  282 	ld	a, #0xc8
      00011C 6B 05            [ 1]  283 	ld	(0x05, sp), a
                                    284 ;	libs/ssd1306_lib.c: 57: i2c_write(I2C_DISPLAY_ADDR,7,setup_buf);
      00011E 96               [ 1]  285 	ldw	x, sp
      00011F 5C               [ 1]  286 	incw	x
      000120 89               [ 2]  287 	pushw	x
      000121 4B 07            [ 1]  288 	push	#0x07
      000123 A6 3C            [ 1]  289 	ld	a, #0x3c
      000125 CDr00r00         [ 4]  290 	call	_i2c_write
                                    291 ;	libs/ssd1306_lib.c: 58: }
      000128 5B 07            [ 2]  292 	addw	sp, #7
      00012A 81               [ 4]  293 	ret
                                    294 ;	libs/ssd1306_lib.c: 60: void display_set_params_to_write(void)
                                    295 ;	-----------------------------------------
                                    296 ;	 function display_set_params_to_write
                                    297 ;	-----------------------------------------
      00012B                        298 _display_set_params_to_write:
      00012B 52 08            [ 2]  299 	sub	sp, #8
                                    300 ;	libs/ssd1306_lib.c: 62: uint8_t set_params_buf[8] = {0x00,0x22,0x00,0x03,0x00,0x21,0x00,0x7F};
      00012D 96               [ 1]  301 	ldw	x, sp
      00012E 5C               [ 1]  302 	incw	x
      00012F 7F               [ 1]  303 	clr	(x)
      000130 A6 22            [ 1]  304 	ld	a, #0x22
      000132 6B 02            [ 1]  305 	ld	(0x02, sp), a
      000134 0F 03            [ 1]  306 	clr	(0x03, sp)
      000136 A6 03            [ 1]  307 	ld	a, #0x03
      000138 6B 04            [ 1]  308 	ld	(0x04, sp), a
      00013A 0F 05            [ 1]  309 	clr	(0x05, sp)
      00013C A6 21            [ 1]  310 	ld	a, #0x21
      00013E 6B 06            [ 1]  311 	ld	(0x06, sp), a
      000140 0F 07            [ 1]  312 	clr	(0x07, sp)
      000142 A6 7F            [ 1]  313 	ld	a, #0x7f
      000144 6B 08            [ 1]  314 	ld	(0x08, sp), a
                                    315 ;	libs/ssd1306_lib.c: 63: i2c_write(I2C_DISPLAY_ADDR,8,set_params_buf);
      000146 89               [ 2]  316 	pushw	x
      000147 4B 08            [ 1]  317 	push	#0x08
      000149 A6 3C            [ 1]  318 	ld	a, #0x3c
      00014B CDr00r00         [ 4]  319 	call	_i2c_write
                                    320 ;	libs/ssd1306_lib.c: 64: }
      00014E 5B 08            [ 2]  321 	addw	sp, #8
      000150 81               [ 4]  322 	ret
                                    323 ;	libs/ssd1306_lib.c: 71: void display_draw_pixel(uint8_t *buffer, uint8_t x, uint8_t y, uint8_t color)
                                    324 ;	-----------------------------------------
                                    325 ;	 function display_draw_pixel
                                    326 ;	-----------------------------------------
      000151                        327 _display_draw_pixel:
      000151 52 08            [ 2]  328 	sub	sp, #8
      000153 1F 07            [ 2]  329 	ldw	(0x07, sp), x
                                    330 ;	libs/ssd1306_lib.c: 73: buffer[x + ((y / 8) * SSD1306_LCDWIDTH)] = set_bit(buffer[x + ((y / 8) * SSD1306_LCDWIDTH)],(y % 8),color);
      000155 6B 06            [ 1]  331 	ld	(0x06, sp), a
      000157 0F 05            [ 1]  332 	clr	(0x05, sp)
      000159 7B 0B            [ 1]  333 	ld	a, (0x0b, sp)
      00015B 0F 01            [ 1]  334 	clr	(0x01, sp)
      00015D 97               [ 1]  335 	ld	xl, a
      00015E 02               [ 1]  336 	rlwa	x
      00015F 4F               [ 1]  337 	clr	a
      000160 01               [ 1]  338 	rrwa	x
      000161 5D               [ 2]  339 	tnzw	x
      000162 2A 03            [ 1]  340 	jrpl	00103$
      000164 1C 00 07         [ 2]  341 	addw	x, #0x0007
      000167                        342 00103$:
      000167 57               [ 2]  343 	sraw	x
      000168 57               [ 2]  344 	sraw	x
      000169 57               [ 2]  345 	sraw	x
      00016A 58               [ 2]  346 	sllw	x
      00016B 58               [ 2]  347 	sllw	x
      00016C 58               [ 2]  348 	sllw	x
      00016D 58               [ 2]  349 	sllw	x
      00016E 58               [ 2]  350 	sllw	x
      00016F 58               [ 2]  351 	sllw	x
      000170 58               [ 2]  352 	sllw	x
      000171 72 FB 05         [ 2]  353 	addw	x, (0x05, sp)
      000174 72 FB 07         [ 2]  354 	addw	x, (0x07, sp)
      000177 1F 03            [ 2]  355 	ldw	(0x03, sp), x
      000179 90 5F            [ 1]  356 	clrw	y
      00017B 61               [ 1]  357 	exg	a, yl
      00017C 7B 0C            [ 1]  358 	ld	a, (0x0c, sp)
      00017E 61               [ 1]  359 	exg	a, yl
      00017F A4 07            [ 1]  360 	and	a, #0x07
      000181 6B 06            [ 1]  361 	ld	(0x06, sp), a
      000183 0F 05            [ 1]  362 	clr	(0x05, sp)
      000185 1E 03            [ 2]  363 	ldw	x, (0x03, sp)
      000187 F6               [ 1]  364 	ld	a, (x)
      000188 5F               [ 1]  365 	clrw	x
      000189 90 89            [ 2]  366 	pushw	y
      00018B 16 07            [ 2]  367 	ldw	y, (0x07, sp)
      00018D 90 89            [ 2]  368 	pushw	y
      00018F 97               [ 1]  369 	ld	xl, a
      000190 CDr00r15         [ 4]  370 	call	_set_bit
      000193 9F               [ 1]  371 	ld	a, xl
      000194 1E 03            [ 2]  372 	ldw	x, (0x03, sp)
      000196 F7               [ 1]  373 	ld	(x), a
                                    374 ;	libs/ssd1306_lib.c: 74: }
      000197 1E 09            [ 2]  375 	ldw	x, (9, sp)
      000199 5B 0C            [ 2]  376 	addw	sp, #12
      00019B FC               [ 2]  377 	jp	(x)
                                    378 ;	libs/ssd1306_lib.c: 76: void display_buffer_fill_entire(uint8_t *in_data)
                                    379 ;	-----------------------------------------
                                    380 ;	 function display_buffer_fill_entire
                                    381 ;	-----------------------------------------
      00019C                        382 _display_buffer_fill_entire:
      00019C 52 8D            [ 2]  383 	sub	sp, #141
      00019E 1F 86            [ 2]  384 	ldw	(0x86, sp), x
                                    385 ;	libs/ssd1306_lib.c: 79: display_set_params_to_write();
      0001A0 CDr01r2B         [ 4]  386 	call	_display_set_params_to_write
                                    387 ;	libs/ssd1306_lib.c: 80: uint8_t part[129]={0x40};
      0001A3 A6 40            [ 1]  388 	ld	a, #0x40
      0001A5 6B 01            [ 1]  389 	ld	(0x01, sp), a
      0001A7 0F 02            [ 1]  390 	clr	(0x02, sp)
      0001A9 0F 03            [ 1]  391 	clr	(0x03, sp)
      0001AB 0F 04            [ 1]  392 	clr	(0x04, sp)
      0001AD 0F 05            [ 1]  393 	clr	(0x05, sp)
      0001AF 0F 06            [ 1]  394 	clr	(0x06, sp)
      0001B1 0F 07            [ 1]  395 	clr	(0x07, sp)
      0001B3 0F 08            [ 1]  396 	clr	(0x08, sp)
      0001B5 0F 09            [ 1]  397 	clr	(0x09, sp)
      0001B7 0F 0A            [ 1]  398 	clr	(0x0a, sp)
      0001B9 0F 0B            [ 1]  399 	clr	(0x0b, sp)
      0001BB 0F 0C            [ 1]  400 	clr	(0x0c, sp)
      0001BD 0F 0D            [ 1]  401 	clr	(0x0d, sp)
      0001BF 0F 0E            [ 1]  402 	clr	(0x0e, sp)
      0001C1 0F 0F            [ 1]  403 	clr	(0x0f, sp)
      0001C3 0F 10            [ 1]  404 	clr	(0x10, sp)
      0001C5 0F 11            [ 1]  405 	clr	(0x11, sp)
      0001C7 0F 12            [ 1]  406 	clr	(0x12, sp)
      0001C9 0F 13            [ 1]  407 	clr	(0x13, sp)
      0001CB 0F 14            [ 1]  408 	clr	(0x14, sp)
      0001CD 0F 15            [ 1]  409 	clr	(0x15, sp)
      0001CF 0F 16            [ 1]  410 	clr	(0x16, sp)
      0001D1 0F 17            [ 1]  411 	clr	(0x17, sp)
      0001D3 0F 18            [ 1]  412 	clr	(0x18, sp)
      0001D5 0F 19            [ 1]  413 	clr	(0x19, sp)
      0001D7 0F 1A            [ 1]  414 	clr	(0x1a, sp)
      0001D9 0F 1B            [ 1]  415 	clr	(0x1b, sp)
      0001DB 0F 1C            [ 1]  416 	clr	(0x1c, sp)
      0001DD 0F 1D            [ 1]  417 	clr	(0x1d, sp)
      0001DF 0F 1E            [ 1]  418 	clr	(0x1e, sp)
      0001E1 0F 1F            [ 1]  419 	clr	(0x1f, sp)
      0001E3 0F 20            [ 1]  420 	clr	(0x20, sp)
      0001E5 0F 21            [ 1]  421 	clr	(0x21, sp)
      0001E7 0F 22            [ 1]  422 	clr	(0x22, sp)
      0001E9 0F 23            [ 1]  423 	clr	(0x23, sp)
      0001EB 0F 24            [ 1]  424 	clr	(0x24, sp)
      0001ED 0F 25            [ 1]  425 	clr	(0x25, sp)
      0001EF 0F 26            [ 1]  426 	clr	(0x26, sp)
      0001F1 0F 27            [ 1]  427 	clr	(0x27, sp)
      0001F3 0F 28            [ 1]  428 	clr	(0x28, sp)
      0001F5 0F 29            [ 1]  429 	clr	(0x29, sp)
      0001F7 0F 2A            [ 1]  430 	clr	(0x2a, sp)
      0001F9 0F 2B            [ 1]  431 	clr	(0x2b, sp)
      0001FB 0F 2C            [ 1]  432 	clr	(0x2c, sp)
      0001FD 0F 2D            [ 1]  433 	clr	(0x2d, sp)
      0001FF 0F 2E            [ 1]  434 	clr	(0x2e, sp)
      000201 0F 2F            [ 1]  435 	clr	(0x2f, sp)
      000203 0F 30            [ 1]  436 	clr	(0x30, sp)
      000205 0F 31            [ 1]  437 	clr	(0x31, sp)
      000207 0F 32            [ 1]  438 	clr	(0x32, sp)
      000209 0F 33            [ 1]  439 	clr	(0x33, sp)
      00020B 0F 34            [ 1]  440 	clr	(0x34, sp)
      00020D 0F 35            [ 1]  441 	clr	(0x35, sp)
      00020F 0F 36            [ 1]  442 	clr	(0x36, sp)
      000211 0F 37            [ 1]  443 	clr	(0x37, sp)
      000213 0F 38            [ 1]  444 	clr	(0x38, sp)
      000215 0F 39            [ 1]  445 	clr	(0x39, sp)
      000217 0F 3A            [ 1]  446 	clr	(0x3a, sp)
      000219 0F 3B            [ 1]  447 	clr	(0x3b, sp)
      00021B 0F 3C            [ 1]  448 	clr	(0x3c, sp)
      00021D 0F 3D            [ 1]  449 	clr	(0x3d, sp)
      00021F 0F 3E            [ 1]  450 	clr	(0x3e, sp)
      000221 0F 3F            [ 1]  451 	clr	(0x3f, sp)
      000223 0F 40            [ 1]  452 	clr	(0x40, sp)
      000225 0F 41            [ 1]  453 	clr	(0x41, sp)
      000227 0F 42            [ 1]  454 	clr	(0x42, sp)
      000229 0F 43            [ 1]  455 	clr	(0x43, sp)
      00022B 0F 44            [ 1]  456 	clr	(0x44, sp)
      00022D 0F 45            [ 1]  457 	clr	(0x45, sp)
      00022F 0F 46            [ 1]  458 	clr	(0x46, sp)
      000231 0F 47            [ 1]  459 	clr	(0x47, sp)
      000233 0F 48            [ 1]  460 	clr	(0x48, sp)
      000235 0F 49            [ 1]  461 	clr	(0x49, sp)
      000237 0F 4A            [ 1]  462 	clr	(0x4a, sp)
      000239 0F 4B            [ 1]  463 	clr	(0x4b, sp)
      00023B 0F 4C            [ 1]  464 	clr	(0x4c, sp)
      00023D 0F 4D            [ 1]  465 	clr	(0x4d, sp)
      00023F 0F 4E            [ 1]  466 	clr	(0x4e, sp)
      000241 0F 4F            [ 1]  467 	clr	(0x4f, sp)
      000243 0F 50            [ 1]  468 	clr	(0x50, sp)
      000245 0F 51            [ 1]  469 	clr	(0x51, sp)
      000247 0F 52            [ 1]  470 	clr	(0x52, sp)
      000249 0F 53            [ 1]  471 	clr	(0x53, sp)
      00024B 0F 54            [ 1]  472 	clr	(0x54, sp)
      00024D 0F 55            [ 1]  473 	clr	(0x55, sp)
      00024F 0F 56            [ 1]  474 	clr	(0x56, sp)
      000251 0F 57            [ 1]  475 	clr	(0x57, sp)
      000253 0F 58            [ 1]  476 	clr	(0x58, sp)
      000255 0F 59            [ 1]  477 	clr	(0x59, sp)
      000257 0F 5A            [ 1]  478 	clr	(0x5a, sp)
      000259 0F 5B            [ 1]  479 	clr	(0x5b, sp)
      00025B 0F 5C            [ 1]  480 	clr	(0x5c, sp)
      00025D 0F 5D            [ 1]  481 	clr	(0x5d, sp)
      00025F 0F 5E            [ 1]  482 	clr	(0x5e, sp)
      000261 0F 5F            [ 1]  483 	clr	(0x5f, sp)
      000263 0F 60            [ 1]  484 	clr	(0x60, sp)
      000265 0F 61            [ 1]  485 	clr	(0x61, sp)
      000267 0F 62            [ 1]  486 	clr	(0x62, sp)
      000269 0F 63            [ 1]  487 	clr	(0x63, sp)
      00026B 0F 64            [ 1]  488 	clr	(0x64, sp)
      00026D 0F 65            [ 1]  489 	clr	(0x65, sp)
      00026F 0F 66            [ 1]  490 	clr	(0x66, sp)
      000271 0F 67            [ 1]  491 	clr	(0x67, sp)
      000273 0F 68            [ 1]  492 	clr	(0x68, sp)
      000275 0F 69            [ 1]  493 	clr	(0x69, sp)
      000277 0F 6A            [ 1]  494 	clr	(0x6a, sp)
      000279 0F 6B            [ 1]  495 	clr	(0x6b, sp)
      00027B 0F 6C            [ 1]  496 	clr	(0x6c, sp)
      00027D 0F 6D            [ 1]  497 	clr	(0x6d, sp)
      00027F 0F 6E            [ 1]  498 	clr	(0x6e, sp)
      000281 0F 6F            [ 1]  499 	clr	(0x6f, sp)
      000283 0F 70            [ 1]  500 	clr	(0x70, sp)
      000285 0F 71            [ 1]  501 	clr	(0x71, sp)
      000287 0F 72            [ 1]  502 	clr	(0x72, sp)
      000289 0F 73            [ 1]  503 	clr	(0x73, sp)
      00028B 0F 74            [ 1]  504 	clr	(0x74, sp)
      00028D 0F 75            [ 1]  505 	clr	(0x75, sp)
      00028F 0F 76            [ 1]  506 	clr	(0x76, sp)
      000291 0F 77            [ 1]  507 	clr	(0x77, sp)
      000293 0F 78            [ 1]  508 	clr	(0x78, sp)
      000295 0F 79            [ 1]  509 	clr	(0x79, sp)
      000297 0F 7A            [ 1]  510 	clr	(0x7a, sp)
      000299 0F 7B            [ 1]  511 	clr	(0x7b, sp)
      00029B 0F 7C            [ 1]  512 	clr	(0x7c, sp)
      00029D 0F 7D            [ 1]  513 	clr	(0x7d, sp)
      00029F 0F 7E            [ 1]  514 	clr	(0x7e, sp)
      0002A1 0F 7F            [ 1]  515 	clr	(0x7f, sp)
      0002A3 0F 80            [ 1]  516 	clr	(0x80, sp)
      0002A5 0F 81            [ 1]  517 	clr	(0x81, sp)
                                    518 ;	libs/ssd1306_lib.c: 82: for(int page = 0;page <= 384;page+=128)
      0002A7 5F               [ 1]  519 	clrw	x
      0002A8 1F 88            [ 2]  520 	ldw	(0x88, sp), x
      0002AA                        521 00111$:
      0002AA 1E 88            [ 2]  522 	ldw	x, (0x88, sp)
      0002AC A3 01 80         [ 2]  523 	cpw	x, #0x0180
      0002AF 2D 03            [ 1]  524 	jrsle	00160$
      0002B1 CCr03r31         [ 2]  525 	jp	00113$
      0002B4                        526 00160$:
                                    527 ;	libs/ssd1306_lib.c: 84: for (int height = 0; height < 8; height++) 
      0002B4 5F               [ 1]  528 	clrw	x
      0002B5 1F 8A            [ 2]  529 	ldw	(0x8a, sp), x
      0002B7                        530 00108$:
      0002B7 1E 8A            [ 2]  531 	ldw	x, (0x8a, sp)
      0002B9 A3 00 08         [ 2]  532 	cpw	x, #0x0008
      0002BC 2E 5F            [ 1]  533 	jrsge	00102$
                                    534 ;	libs/ssd1306_lib.c: 86: for (int width = 0; width < 128; width++) 
      0002BE 1E 8A            [ 2]  535 	ldw	x, (0x8a, sp)
      0002C0 58               [ 2]  536 	sllw	x
      0002C1 58               [ 2]  537 	sllw	x
      0002C2 58               [ 2]  538 	sllw	x
      0002C3 58               [ 2]  539 	sllw	x
      0002C4 72 FB 88         [ 2]  540 	addw	x, (0x88, sp)
      0002C7 1F 82            [ 2]  541 	ldw	(0x82, sp), x
      0002C9 5F               [ 1]  542 	clrw	x
      0002CA 1F 8C            [ 2]  543 	ldw	(0x8c, sp), x
      0002CC                        544 00105$:
      0002CC 1E 8C            [ 2]  545 	ldw	x, (0x8c, sp)
      0002CE A3 00 80         [ 2]  546 	cpw	x, #0x0080
      0002D1 2E 43            [ 1]  547 	jrsge	00109$
                                    548 ;	libs/ssd1306_lib.c: 88: display_draw_pixel(&part[1], width, height, get_bit(in_data[page+(height*16) + (width / 8)], 7 - (width % 8)));
      0002D3 4B 08            [ 1]  549 	push	#0x08
      0002D5 4B 00            [ 1]  550 	push	#0x00
      0002D7 1E 8E            [ 2]  551 	ldw	x, (0x8e, sp)
      0002D9 CDr00r00         [ 4]  552 	call	__modsint
      0002DC 1F 84            [ 2]  553 	ldw	(0x84, sp), x
      0002DE 90 AE 00 07      [ 2]  554 	ldw	y, #0x0007
      0002E2 72 F2 84         [ 2]  555 	subw	y, (0x84, sp)
      0002E5 1E 8C            [ 2]  556 	ldw	x, (0x8c, sp)
      0002E7 2A 03            [ 1]  557 	jrpl	00163$
      0002E9 1C 00 07         [ 2]  558 	addw	x, #0x0007
      0002EC                        559 00163$:
      0002EC 57               [ 2]  560 	sraw	x
      0002ED 57               [ 2]  561 	sraw	x
      0002EE 57               [ 2]  562 	sraw	x
      0002EF 72 FB 82         [ 2]  563 	addw	x, (0x82, sp)
      0002F2 72 FB 86         [ 2]  564 	addw	x, (0x86, sp)
      0002F5 F6               [ 1]  565 	ld	a, (x)
      0002F6 5F               [ 1]  566 	clrw	x
      0002F7 90 89            [ 2]  567 	pushw	y
      0002F9 97               [ 1]  568 	ld	xl, a
      0002FA CDr00r00         [ 4]  569 	call	_get_bit
      0002FD 7B 8B            [ 1]  570 	ld	a, (0x8b, sp)
      0002FF 02               [ 1]  571 	rlwa	x
      000300 7B 8D            [ 1]  572 	ld	a, (0x8d, sp)
      000302 01               [ 1]  573 	rrwa	x
      000303 89               [ 2]  574 	pushw	x
      000304 5B 01            [ 2]  575 	addw	sp, #1
      000306 88               [ 1]  576 	push	a
      000307 9E               [ 1]  577 	ld	a, xh
      000308 96               [ 1]  578 	ldw	x, sp
      000309 1C 00 04         [ 2]  579 	addw	x, #4
      00030C CDr01r51         [ 4]  580 	call	_display_draw_pixel
                                    581 ;	libs/ssd1306_lib.c: 86: for (int width = 0; width < 128; width++) 
      00030F 1E 8C            [ 2]  582 	ldw	x, (0x8c, sp)
      000311 5C               [ 1]  583 	incw	x
      000312 1F 8C            [ 2]  584 	ldw	(0x8c, sp), x
      000314 20 B6            [ 2]  585 	jra	00105$
      000316                        586 00109$:
                                    587 ;	libs/ssd1306_lib.c: 84: for (int height = 0; height < 8; height++) 
      000316 1E 8A            [ 2]  588 	ldw	x, (0x8a, sp)
      000318 5C               [ 1]  589 	incw	x
      000319 1F 8A            [ 2]  590 	ldw	(0x8a, sp), x
      00031B 20 9A            [ 2]  591 	jra	00108$
      00031D                        592 00102$:
                                    593 ;	libs/ssd1306_lib.c: 91: i2c_write(I2C_DISPLAY_ADDR, 129, part);
      00031D 96               [ 1]  594 	ldw	x, sp
      00031E 5C               [ 1]  595 	incw	x
      00031F 89               [ 2]  596 	pushw	x
      000320 4B 81            [ 1]  597 	push	#0x81
      000322 A6 3C            [ 1]  598 	ld	a, #0x3c
      000324 CDr00r00         [ 4]  599 	call	_i2c_write
                                    600 ;	libs/ssd1306_lib.c: 82: for(int page = 0;page <= 384;page+=128)
      000327 1E 88            [ 2]  601 	ldw	x, (0x88, sp)
      000329 1C 00 80         [ 2]  602 	addw	x, #0x0080
      00032C 1F 88            [ 2]  603 	ldw	(0x88, sp), x
      00032E CCr02rAA         [ 2]  604 	jp	00111$
      000331                        605 00113$:
                                    606 ;	libs/ssd1306_lib.c: 93: }
      000331 5B 8D            [ 2]  607 	addw	sp, #141
      000333 81               [ 4]  608 	ret
                                    609 ;	libs/ssd1306_lib.c: 95: void display_clean(void)
                                    610 ;	-----------------------------------------
                                    611 ;	 function display_clean
                                    612 ;	-----------------------------------------
      000334                        613 _display_clean:
      000334 52 81            [ 2]  614 	sub	sp, #129
                                    615 ;	libs/ssd1306_lib.c: 97: uint8_t clean_buf[129] = {0x40};
      000336 A6 40            [ 1]  616 	ld	a, #0x40
      000338 6B 01            [ 1]  617 	ld	(0x01, sp), a
      00033A 0F 02            [ 1]  618 	clr	(0x02, sp)
      00033C 0F 03            [ 1]  619 	clr	(0x03, sp)
      00033E 0F 04            [ 1]  620 	clr	(0x04, sp)
      000340 0F 05            [ 1]  621 	clr	(0x05, sp)
      000342 0F 06            [ 1]  622 	clr	(0x06, sp)
      000344 0F 07            [ 1]  623 	clr	(0x07, sp)
      000346 0F 08            [ 1]  624 	clr	(0x08, sp)
      000348 0F 09            [ 1]  625 	clr	(0x09, sp)
      00034A 0F 0A            [ 1]  626 	clr	(0x0a, sp)
      00034C 0F 0B            [ 1]  627 	clr	(0x0b, sp)
      00034E 0F 0C            [ 1]  628 	clr	(0x0c, sp)
      000350 0F 0D            [ 1]  629 	clr	(0x0d, sp)
      000352 0F 0E            [ 1]  630 	clr	(0x0e, sp)
      000354 0F 0F            [ 1]  631 	clr	(0x0f, sp)
      000356 0F 10            [ 1]  632 	clr	(0x10, sp)
      000358 0F 11            [ 1]  633 	clr	(0x11, sp)
      00035A 0F 12            [ 1]  634 	clr	(0x12, sp)
      00035C 0F 13            [ 1]  635 	clr	(0x13, sp)
      00035E 0F 14            [ 1]  636 	clr	(0x14, sp)
      000360 0F 15            [ 1]  637 	clr	(0x15, sp)
      000362 0F 16            [ 1]  638 	clr	(0x16, sp)
      000364 0F 17            [ 1]  639 	clr	(0x17, sp)
      000366 0F 18            [ 1]  640 	clr	(0x18, sp)
      000368 0F 19            [ 1]  641 	clr	(0x19, sp)
      00036A 0F 1A            [ 1]  642 	clr	(0x1a, sp)
      00036C 0F 1B            [ 1]  643 	clr	(0x1b, sp)
      00036E 0F 1C            [ 1]  644 	clr	(0x1c, sp)
      000370 0F 1D            [ 1]  645 	clr	(0x1d, sp)
      000372 0F 1E            [ 1]  646 	clr	(0x1e, sp)
      000374 0F 1F            [ 1]  647 	clr	(0x1f, sp)
      000376 0F 20            [ 1]  648 	clr	(0x20, sp)
      000378 0F 21            [ 1]  649 	clr	(0x21, sp)
      00037A 0F 22            [ 1]  650 	clr	(0x22, sp)
      00037C 0F 23            [ 1]  651 	clr	(0x23, sp)
      00037E 0F 24            [ 1]  652 	clr	(0x24, sp)
      000380 0F 25            [ 1]  653 	clr	(0x25, sp)
      000382 0F 26            [ 1]  654 	clr	(0x26, sp)
      000384 0F 27            [ 1]  655 	clr	(0x27, sp)
      000386 0F 28            [ 1]  656 	clr	(0x28, sp)
      000388 0F 29            [ 1]  657 	clr	(0x29, sp)
      00038A 0F 2A            [ 1]  658 	clr	(0x2a, sp)
      00038C 0F 2B            [ 1]  659 	clr	(0x2b, sp)
      00038E 0F 2C            [ 1]  660 	clr	(0x2c, sp)
      000390 0F 2D            [ 1]  661 	clr	(0x2d, sp)
      000392 0F 2E            [ 1]  662 	clr	(0x2e, sp)
      000394 0F 2F            [ 1]  663 	clr	(0x2f, sp)
      000396 0F 30            [ 1]  664 	clr	(0x30, sp)
      000398 0F 31            [ 1]  665 	clr	(0x31, sp)
      00039A 0F 32            [ 1]  666 	clr	(0x32, sp)
      00039C 0F 33            [ 1]  667 	clr	(0x33, sp)
      00039E 0F 34            [ 1]  668 	clr	(0x34, sp)
      0003A0 0F 35            [ 1]  669 	clr	(0x35, sp)
      0003A2 0F 36            [ 1]  670 	clr	(0x36, sp)
      0003A4 0F 37            [ 1]  671 	clr	(0x37, sp)
      0003A6 0F 38            [ 1]  672 	clr	(0x38, sp)
      0003A8 0F 39            [ 1]  673 	clr	(0x39, sp)
      0003AA 0F 3A            [ 1]  674 	clr	(0x3a, sp)
      0003AC 0F 3B            [ 1]  675 	clr	(0x3b, sp)
      0003AE 0F 3C            [ 1]  676 	clr	(0x3c, sp)
      0003B0 0F 3D            [ 1]  677 	clr	(0x3d, sp)
      0003B2 0F 3E            [ 1]  678 	clr	(0x3e, sp)
      0003B4 0F 3F            [ 1]  679 	clr	(0x3f, sp)
      0003B6 0F 40            [ 1]  680 	clr	(0x40, sp)
      0003B8 0F 41            [ 1]  681 	clr	(0x41, sp)
      0003BA 0F 42            [ 1]  682 	clr	(0x42, sp)
      0003BC 0F 43            [ 1]  683 	clr	(0x43, sp)
      0003BE 0F 44            [ 1]  684 	clr	(0x44, sp)
      0003C0 0F 45            [ 1]  685 	clr	(0x45, sp)
      0003C2 0F 46            [ 1]  686 	clr	(0x46, sp)
      0003C4 0F 47            [ 1]  687 	clr	(0x47, sp)
      0003C6 0F 48            [ 1]  688 	clr	(0x48, sp)
      0003C8 0F 49            [ 1]  689 	clr	(0x49, sp)
      0003CA 0F 4A            [ 1]  690 	clr	(0x4a, sp)
      0003CC 0F 4B            [ 1]  691 	clr	(0x4b, sp)
      0003CE 0F 4C            [ 1]  692 	clr	(0x4c, sp)
      0003D0 0F 4D            [ 1]  693 	clr	(0x4d, sp)
      0003D2 0F 4E            [ 1]  694 	clr	(0x4e, sp)
      0003D4 0F 4F            [ 1]  695 	clr	(0x4f, sp)
      0003D6 0F 50            [ 1]  696 	clr	(0x50, sp)
      0003D8 0F 51            [ 1]  697 	clr	(0x51, sp)
      0003DA 0F 52            [ 1]  698 	clr	(0x52, sp)
      0003DC 0F 53            [ 1]  699 	clr	(0x53, sp)
      0003DE 0F 54            [ 1]  700 	clr	(0x54, sp)
      0003E0 0F 55            [ 1]  701 	clr	(0x55, sp)
      0003E2 0F 56            [ 1]  702 	clr	(0x56, sp)
      0003E4 0F 57            [ 1]  703 	clr	(0x57, sp)
      0003E6 0F 58            [ 1]  704 	clr	(0x58, sp)
      0003E8 0F 59            [ 1]  705 	clr	(0x59, sp)
      0003EA 0F 5A            [ 1]  706 	clr	(0x5a, sp)
      0003EC 0F 5B            [ 1]  707 	clr	(0x5b, sp)
      0003EE 0F 5C            [ 1]  708 	clr	(0x5c, sp)
      0003F0 0F 5D            [ 1]  709 	clr	(0x5d, sp)
      0003F2 0F 5E            [ 1]  710 	clr	(0x5e, sp)
      0003F4 0F 5F            [ 1]  711 	clr	(0x5f, sp)
      0003F6 0F 60            [ 1]  712 	clr	(0x60, sp)
      0003F8 0F 61            [ 1]  713 	clr	(0x61, sp)
      0003FA 0F 62            [ 1]  714 	clr	(0x62, sp)
      0003FC 0F 63            [ 1]  715 	clr	(0x63, sp)
      0003FE 0F 64            [ 1]  716 	clr	(0x64, sp)
      000400 0F 65            [ 1]  717 	clr	(0x65, sp)
      000402 0F 66            [ 1]  718 	clr	(0x66, sp)
      000404 0F 67            [ 1]  719 	clr	(0x67, sp)
      000406 0F 68            [ 1]  720 	clr	(0x68, sp)
      000408 0F 69            [ 1]  721 	clr	(0x69, sp)
      00040A 0F 6A            [ 1]  722 	clr	(0x6a, sp)
      00040C 0F 6B            [ 1]  723 	clr	(0x6b, sp)
      00040E 0F 6C            [ 1]  724 	clr	(0x6c, sp)
      000410 0F 6D            [ 1]  725 	clr	(0x6d, sp)
      000412 0F 6E            [ 1]  726 	clr	(0x6e, sp)
      000414 0F 6F            [ 1]  727 	clr	(0x6f, sp)
      000416 0F 70            [ 1]  728 	clr	(0x70, sp)
      000418 0F 71            [ 1]  729 	clr	(0x71, sp)
      00041A 0F 72            [ 1]  730 	clr	(0x72, sp)
      00041C 0F 73            [ 1]  731 	clr	(0x73, sp)
      00041E 0F 74            [ 1]  732 	clr	(0x74, sp)
      000420 0F 75            [ 1]  733 	clr	(0x75, sp)
      000422 0F 76            [ 1]  734 	clr	(0x76, sp)
      000424 0F 77            [ 1]  735 	clr	(0x77, sp)
      000426 0F 78            [ 1]  736 	clr	(0x78, sp)
      000428 0F 79            [ 1]  737 	clr	(0x79, sp)
      00042A 0F 7A            [ 1]  738 	clr	(0x7a, sp)
      00042C 0F 7B            [ 1]  739 	clr	(0x7b, sp)
      00042E 0F 7C            [ 1]  740 	clr	(0x7c, sp)
      000430 0F 7D            [ 1]  741 	clr	(0x7d, sp)
      000432 0F 7E            [ 1]  742 	clr	(0x7e, sp)
      000434 0F 7F            [ 1]  743 	clr	(0x7f, sp)
      000436 0F 80            [ 1]  744 	clr	(0x80, sp)
      000438 0F 81            [ 1]  745 	clr	(0x81, sp)
                                    746 ;	libs/ssd1306_lib.c: 99: display_set_params_to_write();
      00043A CDr01r2B         [ 4]  747 	call	_display_set_params_to_write
                                    748 ;	libs/ssd1306_lib.c: 101: for(int i = 0;i<4;i++)
      00043D 4F               [ 1]  749 	clr	a
      00043E                        750 00103$:
      00043E A1 04            [ 1]  751 	cp	a, #0x04
      000440 24 10            [ 1]  752 	jrnc	00105$
                                    753 ;	libs/ssd1306_lib.c: 102: i2c_write(I2C_DISPLAY_ADDR,129,clean_buf);
      000442 88               [ 1]  754 	push	a
      000443 96               [ 1]  755 	ldw	x, sp
      000444 5C               [ 1]  756 	incw	x
      000445 5C               [ 1]  757 	incw	x
      000446 89               [ 2]  758 	pushw	x
      000447 4B 81            [ 1]  759 	push	#0x81
      000449 A6 3C            [ 1]  760 	ld	a, #0x3c
      00044B CDr00r00         [ 4]  761 	call	_i2c_write
      00044E 84               [ 1]  762 	pop	a
                                    763 ;	libs/ssd1306_lib.c: 101: for(int i = 0;i<4;i++)
      00044F 4C               [ 1]  764 	inc	a
      000450 20 EC            [ 2]  765 	jra	00103$
      000452                        766 00105$:
                                    767 ;	libs/ssd1306_lib.c: 104: }
      000452 5B 81            [ 2]  768 	addw	sp, #129
      000454 81               [ 4]  769 	ret
                                    770 	.area CODE
                                    771 	.area CONST
                                    772 	.area INITIALIZER
                                    773 	.area CABS (ABS)
