ASxxxx Linker V03.00/V05.40 + sdld,  page 1.
Hexadecimal  [32-Bits]

Area                                    Addr        Size        Decimal Bytes (Attributes)
--------------------------------        ----        ----        ------- ----- ------------
.  .ABS.                            00000000    00000000 =           0. bytes (ABS,CON)

      Value  Global                              Global Defined In Module
      -----  --------------------------------   ------------------------
     00000000  .__.ABS.                           
     00000000  l_CABS                          
     00000000  l_CONST                         
     00000000  l_DABS                          
     00000000  l__CODE                         
     00000000  s_CABS                          
     00000000  s_DABS                          
     00000000  s__CODE                         
     00000001  l_SSEG                          
     00000001  s_DATA                          
     00000003  l_GSFINAL                       
     00000006  l_DATA                          
     00000007  s_INITIALIZED                   
     00000023  l_GSINIT                        
     00000057  l_HOME                          
     00000201  l_INITIALIZED                   
     00000201  l_INITIALIZER                   
     00000208  s_SSEG                          
     00000770  l_CODE                          
     00008000  s_HOME                          
     00008057  s_GSINIT                        
     0000807A  s_GSFINAL                       
     0000807D  s_CONST                         
     0000807D  s_INITIALIZER                   
     0000827E  s_CODE                          

ASxxxx Linker V03.00/V05.40 + sdld,  page 2.
Hexadecimal  [32-Bits]

Area                                    Addr        Size        Decimal Bytes (Attributes)
--------------------------------        ----        ----        ------- ----- ------------
DATA                                00000001    00000006 =           6. bytes (REL,CON)

      Value  Global                              Global Defined In Module
      -----  --------------------------------   ------------------------
     00000001  _tx_buf_pointer                    main
     00000003  _rx_buf_pointer                    main
     00000005  _buf_pos                           main
     00000006  _buf_size                          main

ASxxxx Linker V03.00/V05.40 + sdld,  page 3.
Hexadecimal  [32-Bits]

Area                                    Addr        Size        Decimal Bytes (Attributes)
--------------------------------        ----        ----        ------- ----- ------------
INITIALIZED                         00000007    00000201 =         513. bytes (REL,CON)

      Value  Global                              Global Defined In Module
      -----  --------------------------------   ------------------------
     00000007  _splash                            main
     00000207  _I2C_IRQ                           main

ASxxxx Linker V03.00/V05.40 + sdld,  page 4.
Hexadecimal  [32-Bits]

Area                                    Addr        Size        Decimal Bytes (Attributes)
--------------------------------        ----        ----        ------- ----- ------------
SSEG                                00000208    00000001 =           1. bytes (REL,CON)

      Value  Global                              Global Defined In Module
      -----  --------------------------------   ------------------------
ASxxxx Linker V03.00/V05.40 + sdld,  page 5.
Hexadecimal  [32-Bits]

Area                                    Addr        Size        Decimal Bytes (Attributes)
--------------------------------        ----        ----        ------- ----- ------------
HOME                                00008000    00000057 =          87. bytes (REL,CON)

      Value  Global                              Global Defined In Module
      -----  --------------------------------   ------------------------
ASxxxx Linker V03.00/V05.40 + sdld,  page 6.
Hexadecimal  [32-Bits]

Area                                    Addr        Size        Decimal Bytes (Attributes)
--------------------------------        ----        ----        ------- ----- ------------
GSINIT                              00008057    00000023 =          35. bytes (REL,CON)

      Value  Global                              Global Defined In Module
      -----  --------------------------------   ------------------------
ASxxxx Linker V03.00/V05.40 + sdld,  page 7.
Hexadecimal  [32-Bits]

Area                                    Addr        Size        Decimal Bytes (Attributes)
--------------------------------        ----        ----        ------- ----- ------------
GSFINAL                             0000807A    00000003 =           3. bytes (REL,CON)

      Value  Global                              Global Defined In Module
      -----  --------------------------------   ------------------------
ASxxxx Linker V03.00/V05.40 + sdld,  page 8.
Hexadecimal  [32-Bits]

Area                                    Addr        Size        Decimal Bytes (Attributes)
--------------------------------        ----        ----        ------- ----- ------------
INITIALIZER                         0000807D    00000201 =         513. bytes (REL,CON)

      Value  Global                              Global Defined In Module
      -----  --------------------------------   ------------------------
ASxxxx Linker V03.00/V05.40 + sdld,  page 9.
Hexadecimal  [32-Bits]

Area                                    Addr        Size        Decimal Bytes (Attributes)
--------------------------------        ----        ----        ------- ----- ------------
CODE                                0000827E    00000770 =        1904. bytes (REL,CON)

      Value  Global                              Global Defined In Module
      -----  --------------------------------   ------------------------
     0000827E  _uart_transmission_irq             main
     000082BA  _uart_reciever_irq                 main
     000082ED  _uart_write_irq                    main
     00008317  _uart_read_irq                     main
     00008335  _uart_init                         main
     00008437  _uart_read_byte                    main
     0000843F  _uart_write_byte                   main
     0000844A  _uart_write                        main
     0000846E  _uart_read                         main
     0000849C  _i2c_init                          main
     000084C7  _i2c_start                         main
     000084D1  _i2c_stop                          main
     000084D6  _i2c_send_address                  main
     00008505  _i2c_read_byte                     main
     0000850E  _i2c_read                          main
     0000855D  _i2c_send_byte                     main
     0000856F  _i2c_write                         main
     0000859F  _i2c_scan                          main
     000085D2  _get_bit                           main
     000085E7  _set_bit                           main
     0000861A  _ssd1306_init                      main
     0000868E  _ssd1306_set_params_to_write       main
     000086B2  _ssd1306_draw_pixel                main
     000086FD  _ssd1306_buffer_fill_entire        main
     00008895  _ssd1306_clean                     main
     000089B6  _setup                             main
     000089BF  _gg                                main
     000089CB  _main                              main
     000089D4  ___sdcc_external_startup           _startup
     000089D6  __modsint                          
ASxxxx Linker V03.00/V05.40 + sdld,  page 10.

Files Linked                              [ module(s) ]

main.rel                                  [ main ]


Libraries Linked                          [ object file ]

/usr/bin/../share/sdcc/lib/stm8/stm8.lib  [ _startup.rel ]
/usr/bin/../share/sdcc/lib/stm8/stm8.lib  [ _modsint.rel ]

ASxxxx Linker V03.00/V05.40 + sdld,  page 11.

User Base Address Definitions

HOME = 0x8000
DATA = 0x0001

