ASxxxx Linker V03.00/V05.40 + sdld,  page 1.
Hexadecimal  [32-Bits]

Area                                    Addr        Size        Decimal Bytes (Attributes)
--------------------------------        ----        ----        ------- ----- ------------
.  .ABS.                            00000000    00000000 =           0. bytes (ABS,CON)

      Value  Global                              Global Defined In Module
      -----  --------------------------------   ------------------------
     00000000  .__.ABS.                           
     00000000  l_CABS                          
     00000000  l_CONST                         
     00000000  l_DABS                          
     00000000  l__CODE                         
     00000000  s_CABS                          
     00000000  s_DABS                          
     00000000  s__CODE                         
     00000001  l_SSEG                          
     00000001  s_DATA                          
     00000003  l_GSFINAL                       
     00000022  l_DATA                          
     00000023  s_INITIALIZED                   
     0000005B  l_HOME                          
     0000005F  l_GSINIT                        
     0000036A  l_INITIALIZED                   
     0000036A  l_INITIALIZER                   
     0000038D  s_SSEG                          
     00000F1D  l_CODE                          
     00008000  s_HOME                          
     0000805B  s_GSINIT                        
     000080BA  s_GSFINAL                       
     000080BD  s_CONST                         
     000080BD  s_INITIALIZER                   
     00008427  s_CODE                          

ASxxxx Linker V03.00/V05.40 + sdld,  page 2.
Hexadecimal  [32-Bits]

Area                                    Addr        Size        Decimal Bytes (Attributes)
--------------------------------        ----        ----        ------- ----- ------------
DATA                                00000001    00000022 =          34. bytes (REL,CON)

      Value  Global                              Global Defined In Module
      -----  --------------------------------   ------------------------
     00000001  _tx_buf_pointer                    main
     00000003  _rx_buf_pointer                    main
     00000005  _buf_pos                           main
     00000006  _buf_size                          main
     00000007  _params_value                      main

ASxxxx Linker V03.00/V05.40 + sdld,  page 3.
Hexadecimal  [32-Bits]

Area                                    Addr        Size        Decimal Bytes (Attributes)
--------------------------------        ----        ----        ------- ----- ------------
INITIALIZED                         00000023    0000036A =         874. bytes (REL,CON)

      Value  Global                              Global Defined In Module
      -----  --------------------------------   ------------------------
     00000023  _ttf_eng_a                         main
     0000002B  _ttf_eng_b                         main
     00000033  _ttf_eng_c                         main
     0000003B  _ttf_eng_d                         main
     00000043  _ttf_eng_e                         main
     0000004B  _ttf_eng_f                         main
     00000053  _ttf_eng_g                         main
     0000005B  _ttf_eng_h                         main
     00000063  _ttf_eng_i                         main
     0000006B  _ttf_eng_j                         main
     00000073  _ttf_eng_k                         main
     0000007B  _ttf_eng_l                         main
     00000083  _ttf_eng_m                         main
     0000008B  _ttf_eng_n                         main
     00000093  _ttf_eng_o                         main
     0000009B  _ttf_eng_p                         main
     000000A3  _ttf_eng_q                         main
     000000AB  _ttf_eng_r                         main
     000000B3  _ttf_eng_s                         main
     000000BB  _ttf_eng_t                         main
     000000C3  _ttf_eng_u                         main
     000000CB  _ttf_eng_v                         main
     000000D3  _ttf_eng_w                         main
     000000DB  _ttf_eng_x                         main
     000000E3  _ttf_eng_y                         main
     000000EB  _ttf_eng_z                         main
     000000F3  _I2C_IRQ                           main
     000000F4  _ttf_void                          main
     000000FC  _ttf_num_1                         main
     00000104  _ttf_num_2                         main
     0000010C  _ttf_num_3                         main
     00000114  _ttf_num_4                         main
     0000011C  _ttf_num_5                         main
     00000124  _ttf_num_6                         main
     0000012C  _ttf_num_7                         main
     00000134  _ttf_num_8                         main
     0000013C  _ttf_num_9                         main
     00000144  _ttf_num_0                         main
     0000014C  _ttf_corner_left_up                main
     00000154  _ttf_corner_right_up               main
     0000015C  _ttf_corner_left_down              main
     00000164  _ttf_corner_right_down             main
     0000016C  _ttf_line_right                    main
     00000174  _ttf_line_left                     main
     0000017C  _ttf_line_up                       main
     00000184  _ttf_line_down                     main
     0000018C  _main_buffer                       main
     0000038C  _TIM2_IRQ                          main
ASxxxx Linker V03.00/V05.40 + sdld,  page 4.
Hexadecimal  [32-Bits]

Area                                    Addr        Size        Decimal Bytes (Attributes)
--------------------------------        ----        ----        ------- ----- ------------
SSEG                                0000038D    00000001 =           1. bytes (REL,CON)

      Value  Global                              Global Defined In Module
      -----  --------------------------------   ------------------------
ASxxxx Linker V03.00/V05.40 + sdld,  page 5.
Hexadecimal  [32-Bits]

Area                                    Addr        Size        Decimal Bytes (Attributes)
--------------------------------        ----        ----        ------- ----- ------------
HOME                                00008000    0000005B =          91. bytes (REL,CON)

      Value  Global                              Global Defined In Module
      -----  --------------------------------   ------------------------
ASxxxx Linker V03.00/V05.40 + sdld,  page 6.
Hexadecimal  [32-Bits]

Area                                    Addr        Size        Decimal Bytes (Attributes)
--------------------------------        ----        ----        ------- ----- ------------
GSINIT                              0000805B    0000005F =          95. bytes (REL,CON)

      Value  Global                              Global Defined In Module
      -----  --------------------------------   ------------------------
ASxxxx Linker V03.00/V05.40 + sdld,  page 7.
Hexadecimal  [32-Bits]

Area                                    Addr        Size        Decimal Bytes (Attributes)
--------------------------------        ----        ----        ------- ----- ------------
GSFINAL                             000080BA    00000003 =           3. bytes (REL,CON)

      Value  Global                              Global Defined In Module
      -----  --------------------------------   ------------------------
ASxxxx Linker V03.00/V05.40 + sdld,  page 8.
Hexadecimal  [32-Bits]

Area                                    Addr        Size        Decimal Bytes (Attributes)
--------------------------------        ----        ----        ------- ----- ------------
INITIALIZER                         000080BD    0000036A =         874. bytes (REL,CON)

      Value  Global                              Global Defined In Module
      -----  --------------------------------   ------------------------
ASxxxx Linker V03.00/V05.40 + sdld,  page 9.
Hexadecimal  [32-Bits]

Area                                    Addr        Size        Decimal Bytes (Attributes)
--------------------------------        ----        ----        ------- ----- ------------
CODE                                00008427    00000F1D =        3869. bytes (REL,CON)

      Value  Global                              Global Defined In Module
      -----  --------------------------------   ------------------------
     00008427  _uart_transmission_irq             main
     00008463  _uart_reciever_irq                 main
     00008496  _uart_write_irq                    main
     000084C0  _uart_read_irq                     main
     000084DE  _uart_init                         main
     000085E0  _uart_read_byte                    main
     000085E8  _uart_write_byte                   main
     000085F3  _uart_write                        main
     00008617  _uart_read                         main
     00008645  _i2c_irq                           main
     000086FF  _i2c_init                          main
     0000872A  _i2c_start                         main
     00008734  _i2c_stop                          main
     00008739  _i2c_send_address                  main
     00008768  _i2c_read_byte                     main
     00008771  _i2c_read                          main
     000087C0  _i2c_send_byte                     main
     000087D2  _i2c_write                         main
     00008802  _i2c_scan                          main
     00008835  _i2c_start_irq                     main
     00008845  _i2c_stop_irq                      main
     0000884A  _get_bit                           main
     0000885F  _set_bit                           main
     00008892  _ssd1306_init                      main
     00008906  _ssd1306_set_params_to_write       main
     0000892A  _ssd1306_draw_pixel                main
     00008975  _ssd1306_buffer_clean              main
     00008982  _ssd1306_send_buffer               main
     000089D7  _ssd1306_buffer_write              main
     00008A6C  _ssd1306_clean                     main
     00008A72  _menu_border                       main
     00008B1F  _menu_border_paragraph             main
     00008BEE  _menu_border_item                  main
     00008C8F  _menu_set_params_value             main
     00008CD0  _menu_set_item_menu                main
     00008EF3  _menu_set_paragraph                main
     000091E6  _tmr2_irq                          main
     00009202  _delay_s                           main
     0000924B  _delay_ms                          main
     00009294  _params_default_conf               main
     000092B3  _setup                             main
     000092D4  _gg                                main
     000092E8  _main                              main
     000092F1  _memset                            _memset
     00009313  ___sdcc_external_startup           _startup
     00009315  __modsint                          
     0000932D  __divsint                          

ASxxxx Linker V03.00/V05.40 + sdld,  page 10.

Files Linked                              [ module(s) ]

main.rel                                  [ main ]


Libraries Linked                          [ object file ]

/usr/bin/../share/sdcc/lib/stm8/stm8.lib  [ _memset.rel ]
/usr/bin/../share/sdcc/lib/stm8/stm8.lib  [ _startup.rel ]
/usr/bin/../share/sdcc/lib/stm8/stm8.lib  [ _modsint.rel ]
/usr/bin/../share/sdcc/lib/stm8/stm8.lib  [ _divsint.rel ]

ASxxxx Linker V03.00/V05.40 + sdld,  page 11.

User Base Address Definitions

HOME = 0x8000
DATA = 0x0001

