ASxxxx Linker V03.00/V05.40 + sdld,  page 1.
Hexadecimal  [32-Bits]

Area                                    Addr        Size        Decimal Bytes (Attributes)
--------------------------------        ----        ----        ------- ----- ------------
.  .ABS.                            00000000    00000000 =           0. bytes (ABS,CON)

      Value  Global                              Global Defined In Module
      -----  --------------------------------   ------------------------
     00000000  .__.ABS.                           
     00000000  l_CABS                          
     00000000  l_CONST                         
     00000000  l_DABS                          
     00000000  l__CODE                         
     00000000  s_CABS                          
     00000000  s_DABS                          
     00000000  s__CODE                         
     00000001  l_SSEG                          
     00000001  s_DATA                          
     00000003  l_GSFINAL                       
     00000006  l_DATA                          
     00000007  s_INITIALIZED                   
     00000023  l_GSINIT                        
     0000005B  l_HOME                          
     0000036C  l_INITIALIZED                   
     0000036C  l_INITIALIZER                   
     00000373  s_SSEG                          
     00000BDF  l_CODE                          
     00008000  s_HOME                          
     0000805B  s_GSINIT                        
     0000807E  s_GSFINAL                       
     00008081  s_CONST                         
     00008081  s_INITIALIZER                   
     000083ED  s_CODE                          

ASxxxx Linker V03.00/V05.40 + sdld,  page 2.
Hexadecimal  [32-Bits]

Area                                    Addr        Size        Decimal Bytes (Attributes)
--------------------------------        ----        ----        ------- ----- ------------
DATA                                00000001    00000006 =           6. bytes (REL,CON)

      Value  Global                              Global Defined In Module
      -----  --------------------------------   ------------------------
     00000001  _tx_buf_pointer                    main
     00000003  _rx_buf_pointer                    main
     00000005  _buf_pos                           main
     00000006  _buf_size                          main

ASxxxx Linker V03.00/V05.40 + sdld,  page 3.
Hexadecimal  [32-Bits]

Area                                    Addr        Size        Decimal Bytes (Attributes)
--------------------------------        ----        ----        ------- ----- ------------
INITIALIZED                         00000007    0000036C =         876. bytes (REL,CON)

      Value  Global                              Global Defined In Module
      -----  --------------------------------   ------------------------
     00000007  _I2C_IRQ                           main
     00000008  _ttf_eng_void                      main
     00000010  _ttf_eng_a                         main
     00000018  _ttf_eng_b                         main
     00000020  _ttf_eng_c                         main
     00000028  _ttf_eng_d                         main
     00000030  _ttf_eng_e                         main
     00000038  _ttf_eng_f                         main
     00000040  _ttf_eng_g                         main
     00000048  _ttf_eng_h                         main
     00000050  _ttf_eng_i                         main
     00000058  _ttf_eng_j                         main
     00000060  _ttf_eng_k                         main
     00000068  _ttf_eng_l                         main
     00000070  _ttf_eng_m                         main
     00000078  _ttf_eng_n                         main
     00000080  _ttf_eng_o                         main
     00000088  _ttf_eng_p                         main
     00000090  _ttf_eng_q                         main
     00000098  _ttf_eng_r                         main
     000000A0  _ttf_eng_s                         main
     000000A8  _ttf_eng_t                         main
     000000B0  _ttf_eng_u                         main
     000000B8  _ttf_eng_v                         main
     000000C0  _ttf_eng_w                         main
     000000C8  _ttf_eng_x                         main
     000000D0  _ttf_eng_y                         main
     000000D8  _ttf_eng_z                         main
     000000E0  _ttf_eng_1                         main
     000000E8  _ttf_eng_2                         main
     000000F0  _ttf_eng_3                         main
     000000F8  _ttf_eng_4                         main
     00000100  _ttf_eng_5                         main
     00000108  _ttf_eng_6                         main
     00000110  _ttf_eng_7                         main
     00000118  _ttf_eng_8                         main
     00000120  _ttf_eng_9                         main
     00000128  _ttf_eng_0                         main
     00000130  _ttf_eng_corner_left_up            main
     00000138  _ttf_eng_corner_right_up           main
     00000140  _ttf_eng_corner_left_down          main
     00000148  _ttf_eng_corner_right_down         main
     00000150  _ttf_eng_line_right                main
     00000158  _ttf_eng_line_left                 main
     00000160  _ttf_eng_line_up                   main
     00000168  _ttf_eng_line_down                 main
     00000170  _main_buffer                       main
     00000370  _current_item                      main
     00000371  _paragraph_item                    main
     00000372  _TIM2_IRQ                          main

ASxxxx Linker V03.00/V05.40 + sdld,  page 4.
Hexadecimal  [32-Bits]

Area                                    Addr        Size        Decimal Bytes (Attributes)
--------------------------------        ----        ----        ------- ----- ------------
SSEG                                00000373    00000001 =           1. bytes (REL,CON)

      Value  Global                              Global Defined In Module
      -----  --------------------------------   ------------------------
ASxxxx Linker V03.00/V05.40 + sdld,  page 5.
Hexadecimal  [32-Bits]

Area                                    Addr        Size        Decimal Bytes (Attributes)
--------------------------------        ----        ----        ------- ----- ------------
HOME                                00008000    0000005B =          91. bytes (REL,CON)

      Value  Global                              Global Defined In Module
      -----  --------------------------------   ------------------------
ASxxxx Linker V03.00/V05.40 + sdld,  page 6.
Hexadecimal  [32-Bits]

Area                                    Addr        Size        Decimal Bytes (Attributes)
--------------------------------        ----        ----        ------- ----- ------------
GSINIT                              0000805B    00000023 =          35. bytes (REL,CON)

      Value  Global                              Global Defined In Module
      -----  --------------------------------   ------------------------
ASxxxx Linker V03.00/V05.40 + sdld,  page 7.
Hexadecimal  [32-Bits]

Area                                    Addr        Size        Decimal Bytes (Attributes)
--------------------------------        ----        ----        ------- ----- ------------
GSFINAL                             0000807E    00000003 =           3. bytes (REL,CON)

      Value  Global                              Global Defined In Module
      -----  --------------------------------   ------------------------
ASxxxx Linker V03.00/V05.40 + sdld,  page 8.
Hexadecimal  [32-Bits]

Area                                    Addr        Size        Decimal Bytes (Attributes)
--------------------------------        ----        ----        ------- ----- ------------
INITIALIZER                         00008081    0000036C =         876. bytes (REL,CON)

      Value  Global                              Global Defined In Module
      -----  --------------------------------   ------------------------
ASxxxx Linker V03.00/V05.40 + sdld,  page 9.
Hexadecimal  [32-Bits]

Area                                    Addr        Size        Decimal Bytes (Attributes)
--------------------------------        ----        ----        ------- ----- ------------
CODE                                000083ED    00000BDF =        3039. bytes (REL,CON)

      Value  Global                              Global Defined In Module
      -----  --------------------------------   ------------------------
     000083ED  _uart_transmission_irq             main
     00008429  _uart_reciever_irq                 main
     0000845C  _uart_write_irq                    main
     00008486  _uart_read_irq                     main
     000084A4  _uart_init                         main
     000085A6  _uart_read_byte                    main
     000085AE  _uart_write_byte                   main
     000085B9  _uart_write                        main
     000085DD  _uart_read                         main
     0000860B  _i2c_irq                           main
     000086C5  _i2c_init                          main
     000086F0  _i2c_start                         main
     000086FA  _i2c_stop                          main
     000086FF  _i2c_send_address                  main
     0000872E  _i2c_read_byte                     main
     00008737  _i2c_read                          main
     00008786  _i2c_send_byte                     main
     00008798  _i2c_write                         main
     000087C8  _i2c_scan                          main
     000087FB  _i2c_start_irq                     main
     0000880B  _i2c_stop_irq                      main
     00008810  _get_bit                           main
     00008825  _set_bit                           main
     00008858  _ssd1306_init                      main
     000088CC  _ssd1306_set_params_to_write       main
     000088F0  _ssd1306_draw_pixel                main
     0000893B  _ssd1306_buffer_clean              main
     00008948  _ssd1306_send_buffer               main
     0000899D  _ssd1306_buffer_write              main
     00008A32  _ssd1306_clean                     main
     00008A38  _menu_border                       main
     00008AE5  _menu_border_splash                main
     00008BB4  _menu_set_item_menu                main
     00008BD1  _menu_set_paragraph                main
     00008EB5  _tmr2_irq                          main
     00008ED1  _delay_s                           main
     00008F1A  _delay_ms                          main
     00008F63  _setup                             main
     00008F73  _gg                                main
     00008F87  _main                              main
     00008F90  _memset                            _memset
     00008FB2  ___sdcc_external_startup           _startup
     00008FB4  __modsint                          

ASxxxx Linker V03.00/V05.40 + sdld,  page 10.

Files Linked                              [ module(s) ]

main.rel                                  [ main ]


Libraries Linked                          [ object file ]

/usr/bin/../share/sdcc/lib/stm8/stm8.lib  [ _memset.rel ]
/usr/bin/../share/sdcc/lib/stm8/stm8.lib  [ _startup.rel ]
/usr/bin/../share/sdcc/lib/stm8/stm8.lib  [ _modsint.rel ]

ASxxxx Linker V03.00/V05.40 + sdld,  page 11.

User Base Address Definitions

HOME = 0x8000
DATA = 0x0001

