ASxxxx Linker V03.00/V05.40 + sdld,  page 1.
Hexadecimal  [32-Bits]

Area                                    Addr        Size        Decimal Bytes (Attributes)
--------------------------------        ----        ----        ------- ----- ------------
.  .ABS.                            00000000    00000000 =           0. bytes (ABS,CON)

      Value  Global                              Global Defined In Module
      -----  --------------------------------   ------------------------
     00000000  .__.ABS.                           _startup
     00000000  l_CABS                          
     00000000  l_DABS                          
     00000000  l_DATA                          
     00000000  l_INITIALIZED                   
     00000000  l_INITIALIZER                   
     00000000  l__CODE                         
     00000000  s_CABS                          
     00000000  s_DABS                          
     00000000  s__CODE                         
     00000001  l_SSEG                          
     00000001  s_DATA                          
     00000001  s_INITIALIZED                   
     00000001  s_SSEG                          
     00000003  l_GSFINAL                       
     00000007  l_HOME                          
     00000023  l_GSINIT                        
     00000068  l_CONST                         
     00000316  l_CODE                          
     00008000  s_HOME                          
     00008007  s_GSINIT                        
     0000802A  s_GSFINAL                       
     0000802D  s_CONST                         
     00008095  s_CODE                          
     00008095  s_INITIALIZER                   

ASxxxx Linker V03.00/V05.40 + sdld,  page 2.
Hexadecimal  [32-Bits]

Area                                    Addr        Size        Decimal Bytes (Attributes)
--------------------------------        ----        ----        ------- ----- ------------
SSEG                                00000001    00000001 =           1. bytes (REL,CON)

      Value  Global                              Global Defined In Module
      -----  --------------------------------   ------------------------
ASxxxx Linker V03.00/V05.40 + sdld,  page 3.
Hexadecimal  [32-Bits]

Area                                    Addr        Size        Decimal Bytes (Attributes)
--------------------------------        ----        ----        ------- ----- ------------
HOME                                00008000    00000007 =           7. bytes (REL,CON)

      Value  Global                              Global Defined In Module
      -----  --------------------------------   ------------------------
ASxxxx Linker V03.00/V05.40 + sdld,  page 4.
Hexadecimal  [32-Bits]

Area                                    Addr        Size        Decimal Bytes (Attributes)
--------------------------------        ----        ----        ------- ----- ------------
GSINIT                              00008007    00000023 =          35. bytes (REL,CON)

      Value  Global                              Global Defined In Module
      -----  --------------------------------   ------------------------
ASxxxx Linker V03.00/V05.40 + sdld,  page 5.
Hexadecimal  [32-Bits]

Area                                    Addr        Size        Decimal Bytes (Attributes)
--------------------------------        ----        ----        ------- ----- ------------
GSFINAL                             0000802A    00000003 =           3. bytes (REL,CON)

      Value  Global                              Global Defined In Module
      -----  --------------------------------   ------------------------
ASxxxx Linker V03.00/V05.40 + sdld,  page 6.
Hexadecimal  [32-Bits]

Area                                    Addr        Size        Decimal Bytes (Attributes)
--------------------------------        ----        ----        ------- ----- ------------
CONST                               0000802D    00000068 =         104. bytes (REL,CON)

      Value  Global                              Global Defined In Module
      -----  --------------------------------   ------------------------
ASxxxx Linker V03.00/V05.40 + sdld,  page 7.
Hexadecimal  [32-Bits]

Area                                    Addr        Size        Decimal Bytes (Attributes)
--------------------------------        ----        ----        ------- ----- ------------
CODE                                00008095    00000316 =         790. bytes (REL,CON)

      Value  Global                              Global Defined In Module
      -----  --------------------------------   ------------------------
     00008095  _uart_init                         main
     00008197  _uart_read_byte                    main
     0000819F  _uart_write_byte                   main
     000081AA  _uart_write                        main
     000081CE  _uart_read                         main
     000081F7  _delay                             main
     00008201  _trash_clean                       main
     00008202  _i2c_init                          main
     0000822D  _i2c_start                         main
     00008237  _i2c_send_byte                     main
     00008261  _i2c_read_byte                     main
     00008268  _i2c_stop                          main
     0000826D  _i2c_send_address                  main
     000082A6  _i2c_write                         main
     000082F5  _i2c_read                          main
     00008334  _i2c_scan                          main
     0000836C  _main                              main
     000083A9  ___sdcc_external_startup           _startup
ASxxxx Linker V03.00/V05.40 + sdld,  page 8.

Files Linked                              [ module(s) ]

main.rel                                  [ main ]


Libraries Linked                          [ object file ]

/usr/bin/../share/sdcc/lib/stm8/stm8.lib  [ _startup.rel ]

ASxxxx Linker V03.00/V05.40 + sdld,  page 9.

User Base Address Definitions

HOME = 0x8000
DATA = 0x0001

