ASxxxx Linker V03.00/V05.40 + sdld,  page 1.
Hexadecimal  [32-Bits]

Area                                    Addr        Size        Decimal Bytes (Attributes)
--------------------------------        ----        ----        ------- ----- ------------
.  .ABS.                            00000000    00000000 =           0. bytes (ABS,CON)

      Value  Global                              Global Defined In Module
      -----  --------------------------------   ------------------------
     00000000  .__.ABS.                           
     00000000  l_CABS                          
     00000000  l_DABS                          
     00000000  l_DATA                          
     00000000  l__CODE                         
     00000000  s_CABS                          
     00000000  s_DABS                          
     00000000  s__CODE                         
     00000001  l_SSEG                          
     00000001  s_DATA                          
     00000001  s_INITIALIZED                   
     00000003  l_GSFINAL                       
     00000007  l_HOME                          
     00000023  l_GSINIT                        
     0000004D  l_CONST                         
     00000206  l_INITIALIZED                   
     00000206  l_INITIALIZER                   
     00000207  s_SSEG                          
     00000752  l_CODE                          
     00008000  s_HOME                          
     00008007  s_GSINIT                        
     0000802A  s_GSFINAL                       
     0000802D  s_CONST                         
     0000807A  s_INITIALIZER                   
     00008280  s_CODE                          

ASxxxx Linker V03.00/V05.40 + sdld,  page 2.
Hexadecimal  [32-Bits]

Area                                    Addr        Size        Decimal Bytes (Attributes)
--------------------------------        ----        ----        ------- ----- ------------
INITIALIZED                         00000001    00000206 =         518. bytes (REL,CON)

      Value  Global                              Global Defined In Module
      -----  --------------------------------   ------------------------
     00000001  _buffer                            main
     00000100  _a                                 main
     00000103  _d_addr                            main
     00000104  _p_size                            main
     00000105  _d_size                            main
     00000106  _p_bytes                           main
     00000107  _data_buf                          main
     00000206  _current_dev                       main

ASxxxx Linker V03.00/V05.40 + sdld,  page 3.
Hexadecimal  [32-Bits]

Area                                    Addr        Size        Decimal Bytes (Attributes)
--------------------------------        ----        ----        ------- ----- ------------
SSEG                                00000207    00000001 =           1. bytes (REL,CON)

      Value  Global                              Global Defined In Module
      -----  --------------------------------   ------------------------
ASxxxx Linker V03.00/V05.40 + sdld,  page 4.
Hexadecimal  [32-Bits]

Area                                    Addr        Size        Decimal Bytes (Attributes)
--------------------------------        ----        ----        ------- ----- ------------
HOME                                00008000    00000007 =           7. bytes (REL,CON)

      Value  Global                              Global Defined In Module
      -----  --------------------------------   ------------------------
ASxxxx Linker V03.00/V05.40 + sdld,  page 5.
Hexadecimal  [32-Bits]

Area                                    Addr        Size        Decimal Bytes (Attributes)
--------------------------------        ----        ----        ------- ----- ------------
GSINIT                              00008007    00000023 =          35. bytes (REL,CON)

      Value  Global                              Global Defined In Module
      -----  --------------------------------   ------------------------
ASxxxx Linker V03.00/V05.40 + sdld,  page 6.
Hexadecimal  [32-Bits]

Area                                    Addr        Size        Decimal Bytes (Attributes)
--------------------------------        ----        ----        ------- ----- ------------
GSFINAL                             0000802A    00000003 =           3. bytes (REL,CON)

      Value  Global                              Global Defined In Module
      -----  --------------------------------   ------------------------
ASxxxx Linker V03.00/V05.40 + sdld,  page 7.
Hexadecimal  [32-Bits]

Area                                    Addr        Size        Decimal Bytes (Attributes)
--------------------------------        ----        ----        ------- ----- ------------
CONST                               0000802D    0000004D =          77. bytes (REL,CON)

      Value  Global                              Global Defined In Module
      -----  --------------------------------   ------------------------
ASxxxx Linker V03.00/V05.40 + sdld,  page 8.
Hexadecimal  [32-Bits]

Area                                    Addr        Size        Decimal Bytes (Attributes)
--------------------------------        ----        ----        ------- ----- ------------
INITIALIZER                         0000807A    00000206 =         518. bytes (REL,CON)

      Value  Global                              Global Defined In Module
      -----  --------------------------------   ------------------------
ASxxxx Linker V03.00/V05.40 + sdld,  page 9.
Hexadecimal  [32-Bits]

Area                                    Addr        Size        Decimal Bytes (Attributes)
--------------------------------        ----        ----        ------- ----- ------------
CODE                                00008280    00000752 =        1874. bytes (REL,CON)

      Value  Global                              Global Defined In Module
      -----  --------------------------------   ------------------------
     00008280  _delay                             main
     000082AE  _UART_TX                           main
     000082B7  _UART_RX                           main
     000082C0  _uart_write                        main
     000082EB  _uart_read                         main
     00008321  _convert_int_to_chars              main
     000083A6  _convert_chars_to_int              main
     000083CD  _convert_int_to_binary             main
     00008405  _get_addr_from_buff                main
     0000844A  _get_size_from_buff                main
     000084A4  _char_buffer_to_int                main
     00008535  _status_check                      main
     00008570  _uart_init                         main
     0000858D  _i2c_init                          main
     000085AE  _i2c_start                         main
     000085B8  _i2c_send_address                  main
     000085CB  _i2c_stop                          main
     000085D0  _i2c_write                         main
     0000860B  _i2c_read                          main
     00008654  _i2c_scan                          main
     0000868C  _cm_SM                             main
     000086B2  _cm_SN                             main
     000086B8  _cm_RM                             main
     000086C2  _cm_DB                             main
     000086C5  _cm_ST                             main
     000086D3  _cm_SR                             main
     00008744  _cm_SW                             main
     000087B5  _data_handler                      main
     00008879  _command_switcher                  main
     000088C7  _main                              main
     000088DC  _memcmp                            _memcmp
     0000891F  ___memcpy                          
     0000891F  _memcpy                            
     00008972  _memset                            _memset
     00008994  ___sdcc_external_startup           _startup
     00008996  _strlen                            _strlen
     000089A3  __modsint                          
     000089BB  __divsint                          

ASxxxx Linker V03.00/V05.40 + sdld,  page 10.

Files Linked                              [ module(s) ]

main.rel                                  [ main ]


Libraries Linked                          [ object file ]

/usr/bin/../share/sdcc/lib/stm8/stm8.lib  [ _memcmp.rel ]
/usr/bin/../share/sdcc/lib/stm8/stm8.lib  [ memcpy.rel ]
/usr/bin/../share/sdcc/lib/stm8/stm8.lib  [ _memset.rel ]
/usr/bin/../share/sdcc/lib/stm8/stm8.lib  [ _startup.rel ]
/usr/bin/../share/sdcc/lib/stm8/stm8.lib  [ _strlen.rel ]
/usr/bin/../share/sdcc/lib/stm8/stm8.lib  [ _modsint.rel ]
/usr/bin/../share/sdcc/lib/stm8/stm8.lib  [ _divsint.rel ]

ASxxxx Linker V03.00/V05.40 + sdld,  page 11.

User Base Address Definitions

HOME = 0x8000
DATA = 0x0001

