ASxxxx Linker V03.00/V05.40 + sdld,  page 1.
Hexadecimal  [32-Bits]

Area                                    Addr        Size        Decimal Bytes (Attributes)
--------------------------------        ----        ----        ------- ----- ------------
.  .ABS.                            00000000    00000000 =           0. bytes (ABS,CON)

      Value  Global                              Global Defined In Module
      -----  --------------------------------   ------------------------
     00000000  .__.ABS.                           
     00000000  l_CABS                          
     00000000  l_DABS                          
     00000000  l_DATA                          
     00000000  l__CODE                         
     00000000  s_CABS                          
     00000000  s_DABS                          
     00000000  s__CODE                         
     00000001  l_SSEG                          
     00000001  s_DATA                          
     00000001  s_INITIALIZED                   
     00000003  l_GSFINAL                       
     00000007  l_HOME                          
     00000023  l_GSINIT                        
     000000F3  l_CONST                         
     00000206  l_INITIALIZED                   
     00000206  l_INITIALIZER                   
     00000207  s_SSEG                          
     0000091B  l_CODE                          
     00008000  s_HOME                          
     00008007  s_GSINIT                        
     0000802A  s_GSFINAL                       
     0000802D  s_CONST                         
     00008120  s_INITIALIZER                   
     00008326  s_CODE                          

ASxxxx Linker V03.00/V05.40 + sdld,  page 2.
Hexadecimal  [32-Bits]

Area                                    Addr        Size        Decimal Bytes (Attributes)
--------------------------------        ----        ----        ------- ----- ------------
INITIALIZED                         00000001    00000206 =         518. bytes (REL,CON)

      Value  Global                              Global Defined In Module
      -----  --------------------------------   ------------------------
     00000001  _buffer                            main
     00000100  _a                                 main
     00000103  _d_addr                            main
     00000104  _p_size                            main
     00000105  _d_size                            main
     00000106  _p_bytes                           main
     00000107  _data_buf                          main
     00000206  _current_dev                       main

ASxxxx Linker V03.00/V05.40 + sdld,  page 3.
Hexadecimal  [32-Bits]

Area                                    Addr        Size        Decimal Bytes (Attributes)
--------------------------------        ----        ----        ------- ----- ------------
SSEG                                00000207    00000001 =           1. bytes (REL,CON)

      Value  Global                              Global Defined In Module
      -----  --------------------------------   ------------------------
ASxxxx Linker V03.00/V05.40 + sdld,  page 4.
Hexadecimal  [32-Bits]

Area                                    Addr        Size        Decimal Bytes (Attributes)
--------------------------------        ----        ----        ------- ----- ------------
HOME                                00008000    00000007 =           7. bytes (REL,CON)

      Value  Global                              Global Defined In Module
      -----  --------------------------------   ------------------------
ASxxxx Linker V03.00/V05.40 + sdld,  page 5.
Hexadecimal  [32-Bits]

Area                                    Addr        Size        Decimal Bytes (Attributes)
--------------------------------        ----        ----        ------- ----- ------------
GSINIT                              00008007    00000023 =          35. bytes (REL,CON)

      Value  Global                              Global Defined In Module
      -----  --------------------------------   ------------------------
ASxxxx Linker V03.00/V05.40 + sdld,  page 6.
Hexadecimal  [32-Bits]

Area                                    Addr        Size        Decimal Bytes (Attributes)
--------------------------------        ----        ----        ------- ----- ------------
GSFINAL                             0000802A    00000003 =           3. bytes (REL,CON)

      Value  Global                              Global Defined In Module
      -----  --------------------------------   ------------------------
ASxxxx Linker V03.00/V05.40 + sdld,  page 7.
Hexadecimal  [32-Bits]

Area                                    Addr        Size        Decimal Bytes (Attributes)
--------------------------------        ----        ----        ------- ----- ------------
CONST                               0000802D    000000F3 =         243. bytes (REL,CON)

      Value  Global                              Global Defined In Module
      -----  --------------------------------   ------------------------
ASxxxx Linker V03.00/V05.40 + sdld,  page 8.
Hexadecimal  [32-Bits]

Area                                    Addr        Size        Decimal Bytes (Attributes)
--------------------------------        ----        ----        ------- ----- ------------
INITIALIZER                         00008120    00000206 =         518. bytes (REL,CON)

      Value  Global                              Global Defined In Module
      -----  --------------------------------   ------------------------
ASxxxx Linker V03.00/V05.40 + sdld,  page 9.
Hexadecimal  [32-Bits]

Area                                    Addr        Size        Decimal Bytes (Attributes)
--------------------------------        ----        ----        ------- ----- ------------
CODE                                00008326    0000091B =        2331. bytes (REL,CON)

      Value  Global                              Global Defined In Module
      -----  --------------------------------   ------------------------
     00008326  _delay                             main
     00008354  _UART_TX                           main
     0000835D  _UART_RX                           main
     00008366  _uart_write                        main
     00008391  _uart_read                         main
     000083C7  _convert_int_to_chars              main
     0000844C  _convert_chars_to_int              main
     000084AF  _convert_int_to_binary             main
     000084E7  _get_addr_from_buff                main
     0000852C  _get_size_from_buff                main
     00008586  _char_buffer_to_int                main
     0000865B  _status_check                      main
     0000887C  _uart_init                         main
     00008899  _i2c_init                          main
     000088BA  _i2c_start                         main
     000088C4  _i2c_send_address                  main
     000088D4  _i2c_stop                          main
     000088D9  _i2c_write                         main
     00008905  _i2c_read                          main
     0000894E  _i2c_scan                          main
     00008986  _cm_SM                             main
     000089AC  _cm_SN                             main
     000089B2  _cm_RM                             main
     000089BC  _cm_DB                             main
     000089BF  _cm_ST                             main
     000089CD  _cm_SR                             main
     000089DC  _cm_SW                             main
     00008A24  _data_handler                      main
     00008AE8  _command_switcher                  main
     00008B36  _main                              main
     00008B4B  _memcmp                            _memcmp
     00008B8E  ___memcpy                          
     00008B8E  _memcpy                            
     00008BE1  _memset                            _memset
     00008C03  ___sdcc_external_startup           _startup
     00008C05  _strlen                            _strlen
     00008C12  __modsint                          
     00008C2A  __divsint                          

ASxxxx Linker V03.00/V05.40 + sdld,  page 10.

Files Linked                              [ module(s) ]

main.rel                                  [ main ]


Libraries Linked                          [ object file ]

/usr/bin/../share/sdcc/lib/stm8/stm8.lib  [ _memcmp.rel ]
/usr/bin/../share/sdcc/lib/stm8/stm8.lib  [ memcpy.rel ]
/usr/bin/../share/sdcc/lib/stm8/stm8.lib  [ _memset.rel ]
/usr/bin/../share/sdcc/lib/stm8/stm8.lib  [ _startup.rel ]
/usr/bin/../share/sdcc/lib/stm8/stm8.lib  [ _strlen.rel ]
/usr/bin/../share/sdcc/lib/stm8/stm8.lib  [ _modsint.rel ]
/usr/bin/../share/sdcc/lib/stm8/stm8.lib  [ _divsint.rel ]

ASxxxx Linker V03.00/V05.40 + sdld,  page 11.

User Base Address Definitions

HOME = 0x8000
DATA = 0x0001

