ASxxxx Linker V03.00/V05.40 + sdld,  page 1.
Hexadecimal  [32-Bits]

Area                                    Addr        Size        Decimal Bytes (Attributes)
--------------------------------        ----        ----        ------- ----- ------------
.  .ABS.                            00000000    00000000 =           0. bytes (ABS,CON)

      Value  Global                              Global Defined In Module
      -----  --------------------------------   ------------------------
     00000000  .__.ABS.                           
     00000000  l_CABS                          
     00000000  l_DABS                          
     00000000  l_DATA                          
     00000000  l__CODE                         
     00000000  s_CABS                          
     00000000  s_DABS                          
     00000000  s__CODE                         
     00000001  l_SSEG                          
     00000001  s_DATA                          
     00000001  s_INITIALIZED                   
     00000003  l_GSFINAL                       
     00000007  l_HOME                          
     00000023  l_GSINIT                        
     00000076  l_CONST                         
     00000308  l_INITIALIZED                   
     00000308  l_INITIALIZER                   
     00000309  s_SSEG                          
     000008B9  l_CODE                          
     00008000  s_HOME                          
     00008007  s_GSINIT                        
     0000802A  s_GSFINAL                       
     0000802D  s_CONST                         
     000080A3  s_INITIALIZER                   
     000083AB  s_CODE                          

ASxxxx Linker V03.00/V05.40 + sdld,  page 2.
Hexadecimal  [32-Bits]

Area                                    Addr        Size        Decimal Bytes (Attributes)
--------------------------------        ----        ----        ------- ----- ------------
INITIALIZED                         00000001    00000308 =         776. bytes (REL,CON)

      Value  Global                              Global Defined In Module
      -----  --------------------------------   ------------------------
     00000001  _status_registers                  main
     00000101  _buffer                            main
     00000201  _a                                 main
     00000204  _d_addr                            main
     00000205  _p_size                            main
     00000206  _d_size                            main
     00000207  _p_bytes                           main
     00000208  _data_buf                          main
     00000308  _current_dev                       main
ASxxxx Linker V03.00/V05.40 + sdld,  page 3.
Hexadecimal  [32-Bits]

Area                                    Addr        Size        Decimal Bytes (Attributes)
--------------------------------        ----        ----        ------- ----- ------------
SSEG                                00000309    00000001 =           1. bytes (REL,CON)

      Value  Global                              Global Defined In Module
      -----  --------------------------------   ------------------------
ASxxxx Linker V03.00/V05.40 + sdld,  page 4.
Hexadecimal  [32-Bits]

Area                                    Addr        Size        Decimal Bytes (Attributes)
--------------------------------        ----        ----        ------- ----- ------------
HOME                                00008000    00000007 =           7. bytes (REL,CON)

      Value  Global                              Global Defined In Module
      -----  --------------------------------   ------------------------
ASxxxx Linker V03.00/V05.40 + sdld,  page 5.
Hexadecimal  [32-Bits]

Area                                    Addr        Size        Decimal Bytes (Attributes)
--------------------------------        ----        ----        ------- ----- ------------
GSINIT                              00008007    00000023 =          35. bytes (REL,CON)

      Value  Global                              Global Defined In Module
      -----  --------------------------------   ------------------------
ASxxxx Linker V03.00/V05.40 + sdld,  page 6.
Hexadecimal  [32-Bits]

Area                                    Addr        Size        Decimal Bytes (Attributes)
--------------------------------        ----        ----        ------- ----- ------------
GSFINAL                             0000802A    00000003 =           3. bytes (REL,CON)

      Value  Global                              Global Defined In Module
      -----  --------------------------------   ------------------------
ASxxxx Linker V03.00/V05.40 + sdld,  page 7.
Hexadecimal  [32-Bits]

Area                                    Addr        Size        Decimal Bytes (Attributes)
--------------------------------        ----        ----        ------- ----- ------------
CONST                               0000802D    00000076 =         118. bytes (REL,CON)

      Value  Global                              Global Defined In Module
      -----  --------------------------------   ------------------------
ASxxxx Linker V03.00/V05.40 + sdld,  page 8.
Hexadecimal  [32-Bits]

Area                                    Addr        Size        Decimal Bytes (Attributes)
--------------------------------        ----        ----        ------- ----- ------------
INITIALIZER                         000080A3    00000308 =         776. bytes (REL,CON)

      Value  Global                              Global Defined In Module
      -----  --------------------------------   ------------------------
ASxxxx Linker V03.00/V05.40 + sdld,  page 9.
Hexadecimal  [32-Bits]

Area                                    Addr        Size        Decimal Bytes (Attributes)
--------------------------------        ----        ----        ------- ----- ------------
CODE                                000083AB    000008B9 =        2233. bytes (REL,CON)

      Value  Global                              Global Defined In Module
      -----  --------------------------------   ------------------------
     000083AB  _delay                             main
     000083D9  _UART_TX                           main
     000083E2  _uart_write                        main
     0000840D  _UART_RX                           main
     00008416  _uart_read                         main
     00008456  _convert_int_to_chars              main
     000084DB  _convert_chars_to_int              main
     00008502  _convert_int_to_binary             main
     0000853A  _get_addr_from_buff                main
     0000857F  _get_size_from_buff                main
     000085D9  _char_buffer_to_int                main
     0000866A  _reg_check                         main
     000086ED  _status_check                      main
     000087BE  _uart_init                         main
     000087DB  _i2c_init                          main
     000087FC  _i2c_start                         main
     00008806  _i2c_send_address                  main
     00008819  _i2c_stop                          main
     0000881E  _i2c_write                         main
     00008872  _i2c_read                          main
     000088E6  _i2c_scan                          main
     0000891E  _cm_SM                             main
     00008944  _cm_SN                             main
     0000894A  _cm_RM                             main
     00008954  _cm_DB                             main
     00008957  _cm_ST                             main
     00008965  _cm_SR                             main
     000089D6  _cm_SW                             main
     00008A47  _data_handler                      main
     00008B0B  _command_switcher                  main
     00008B59  _main                              main
     00008B6E  _memcmp                            _memcmp
     00008BB1  ___memcpy                          
     00008BB1  _memcpy                            
     00008C04  _memset                            _memset
     00008C26  ___sdcc_external_startup           _startup
     00008C28  _strlen                            _strlen
     00008C35  __modsint                          
     00008C4D  __divsint                          
ASxxxx Linker V03.00/V05.40 + sdld,  page 10.

Files Linked                              [ module(s) ]

main.rel                                  [ main ]


Libraries Linked                          [ object file ]

/usr/bin/../share/sdcc/lib/stm8/stm8.lib  [ _memcmp.rel ]
/usr/bin/../share/sdcc/lib/stm8/stm8.lib  [ memcpy.rel ]
/usr/bin/../share/sdcc/lib/stm8/stm8.lib  [ _memset.rel ]
/usr/bin/../share/sdcc/lib/stm8/stm8.lib  [ _startup.rel ]
/usr/bin/../share/sdcc/lib/stm8/stm8.lib  [ _strlen.rel ]
/usr/bin/../share/sdcc/lib/stm8/stm8.lib  [ _modsint.rel ]
/usr/bin/../share/sdcc/lib/stm8/stm8.lib  [ _divsint.rel ]

ASxxxx Linker V03.00/V05.40 + sdld,  page 11.

User Base Address Definitions

HOME = 0x8000
DATA = 0x0001

