ASxxxx Linker V03.00/V05.40 + sdld,  page 1.
Hexadecimal  [32-Bits]

Area                                    Addr        Size        Decimal Bytes (Attributes)
--------------------------------        ----        ----        ------- ----- ------------
.  .ABS.                            00000000    00000000 =           0. bytes (ABS,CON)

      Value  Global                              Global Defined In Module
      -----  --------------------------------   ------------------------
     00000000  .__.ABS.                           
     00000000  l_CABS                          
     00000000  l_DABS                          
     00000000  l_DATA                          
     00000000  l__CODE                         
     00000000  s_CABS                          
     00000000  s_DABS                          
     00000000  s__CODE                         
     00000001  l_SSEG                          
     00000001  s_DATA                          
     00000001  s_INITIALIZED                   
     00000003  l_GSFINAL                       
     00000007  l_HOME                          
     00000023  l_GSINIT                        
     00000063  l_CONST                         
     00000101  l_INITIALIZED                   
     00000101  l_INITIALIZER                   
     00000102  s_SSEG                          
     0000039A  l_CODE                          
     00008000  s_HOME                          
     00008007  s_GSINIT                        
     0000802A  s_GSFINAL                       
     0000802D  s_CONST                         
     00008090  s_INITIALIZER                   
     00008191  s_CODE                          

ASxxxx Linker V03.00/V05.40 + sdld,  page 2.
Hexadecimal  [32-Bits]

Area                                    Addr        Size        Decimal Bytes (Attributes)
--------------------------------        ----        ----        ------- ----- ------------
INITIALIZED                         00000001    00000101 =         257. bytes (REL,CON)

      Value  Global                              Global Defined In Module
      -----  --------------------------------   ------------------------
     00000001  _buffer                            main
     00000101  _current_dev                       main

ASxxxx Linker V03.00/V05.40 + sdld,  page 3.
Hexadecimal  [32-Bits]

Area                                    Addr        Size        Decimal Bytes (Attributes)
--------------------------------        ----        ----        ------- ----- ------------
SSEG                                00000102    00000001 =           1. bytes (REL,CON)

      Value  Global                              Global Defined In Module
      -----  --------------------------------   ------------------------
ASxxxx Linker V03.00/V05.40 + sdld,  page 4.
Hexadecimal  [32-Bits]

Area                                    Addr        Size        Decimal Bytes (Attributes)
--------------------------------        ----        ----        ------- ----- ------------
HOME                                00008000    00000007 =           7. bytes (REL,CON)

      Value  Global                              Global Defined In Module
      -----  --------------------------------   ------------------------
ASxxxx Linker V03.00/V05.40 + sdld,  page 5.
Hexadecimal  [32-Bits]

Area                                    Addr        Size        Decimal Bytes (Attributes)
--------------------------------        ----        ----        ------- ----- ------------
GSINIT                              00008007    00000023 =          35. bytes (REL,CON)

      Value  Global                              Global Defined In Module
      -----  --------------------------------   ------------------------
ASxxxx Linker V03.00/V05.40 + sdld,  page 6.
Hexadecimal  [32-Bits]

Area                                    Addr        Size        Decimal Bytes (Attributes)
--------------------------------        ----        ----        ------- ----- ------------
GSFINAL                             0000802A    00000003 =           3. bytes (REL,CON)

      Value  Global                              Global Defined In Module
      -----  --------------------------------   ------------------------
ASxxxx Linker V03.00/V05.40 + sdld,  page 7.
Hexadecimal  [32-Bits]

Area                                    Addr        Size        Decimal Bytes (Attributes)
--------------------------------        ----        ----        ------- ----- ------------
CONST                               0000802D    00000063 =          99. bytes (REL,CON)

      Value  Global                              Global Defined In Module
      -----  --------------------------------   ------------------------
ASxxxx Linker V03.00/V05.40 + sdld,  page 8.
Hexadecimal  [32-Bits]

Area                                    Addr        Size        Decimal Bytes (Attributes)
--------------------------------        ----        ----        ------- ----- ------------
INITIALIZER                         00008090    00000101 =         257. bytes (REL,CON)

      Value  Global                              Global Defined In Module
      -----  --------------------------------   ------------------------
ASxxxx Linker V03.00/V05.40 + sdld,  page 9.
Hexadecimal  [32-Bits]

Area                                    Addr        Size        Decimal Bytes (Attributes)
--------------------------------        ----        ----        ------- ----- ------------
CODE                                00008191    0000039A =         922. bytes (REL,CON)

      Value  Global                              Global Defined In Module
      -----  --------------------------------   ------------------------
     00008191  _delay                             main
     000081BF  _uart_write                        main
     000081EF  _convert_int_to_chars              main
     00008274  _convert_int_to_binary             main
     000082AC  _status_check                      main
     00008377  _uart_init                         main
     00008394  _i2c_init                          main
     000083B5  _i2c_start                         main
     000083BF  _i2c_send_address                  main
     000083CF  _i2c_stop                          main
     000083D4  _i2c_scan                          main
     00008423  _uart_read                         main
     000084D6  _main                              main
     000084ED  ___sdcc_external_startup           _startup
     000084EF  _strlen                            _strlen
     000084FC  __modsint                          
     00008514  __divsint                          

ASxxxx Linker V03.00/V05.40 + sdld,  page 10.

Files Linked                              [ module(s) ]

main.rel                                  [ main ]


Libraries Linked                          [ object file ]

/usr/bin/../share/sdcc/lib/stm8/stm8.lib  [ _startup.rel ]
/usr/bin/../share/sdcc/lib/stm8/stm8.lib  [ _strlen.rel ]
/usr/bin/../share/sdcc/lib/stm8/stm8.lib  [ _modsint.rel ]
/usr/bin/../share/sdcc/lib/stm8/stm8.lib  [ _divsint.rel ]

ASxxxx Linker V03.00/V05.40 + sdld,  page 11.

User Base Address Definitions

HOME = 0x8000
DATA = 0x0001

